BL51 BANKED LINKER/LOCATER V6.22                                                        11/15/2017  18:41:38  PAGE 1


BL51 BANKED LINKER/LOCATER V6.22, INVOKED BY:
C:\KEIL_V5\C51\BIN\BL51.EXE .\Objects\C8051F310.obj, .\Objects\test3.obj, .\Objects\homework.obj, .\Objects\password.obj
>> , .\Objects\CAL.obj, .\Objects\LED.obj, .\Objects\Beep.obj, .\Objects\Timer.obj, .\Objects\LEDs.obj, .\Objects\Keys.o
>> bj, .\Objects\Digits.obj, .\Objects\KeLED.obj, .\Objects\KeBeep.obj, .\Objects\KeKeys.obj, .\Objects\KeTimer2.obj, .\
>> Objects\KeLEDs.obj, .\Objects\KeDigits.obj TO .\Objects\test3 PRINT (.\Listings\test3.m51) RAMSIZE (256)


INPUT MODULES INCLUDED:
  .\Objects\C8051F310.obj (C8051F310)
  .\Objects\test3.obj (TEST3)
  .\Objects\homework.obj (HOMEWORK)
  .\Objects\password.obj (PASSWORD)
  .\Objects\CAL.obj (CAL)
  .\Objects\LED.obj (LED)
  .\Objects\Beep.obj (BEEP)
  .\Objects\Timer.obj (TIMER)
  .\Objects\LEDs.obj (LEDS)
  .\Objects\Keys.obj (KEYS)
  .\Objects\Digits.obj (DIGITS)
  .\Objects\KeLED.obj (KELED)
  .\Objects\KeBeep.obj (KEBEEP)
  .\Objects\KeKeys.obj (KEKEYS)
  .\Objects\KeTimer2.obj (KETIMER2)
  .\Objects\KeLEDs.obj (KELEDS)
  .\Objects\KeDigits.obj (KEDIGITS)


LINK MAP OF MODULE:  .\Objects\test3 (C8051F310)


            TYPE    BASE      LENGTH    RELOCATION   SEGMENT NAME
            -----------------------------------------------------

            * * * * * * *   D A T A   M E M O R Y   * * * * * * *
            REG     0000H     0008H     ABSOLUTE     "REG BANK 0"

            * * * * * * *   C O D E   M E M O R Y   * * * * * * *
            CODE    0000H     0158H     ABSOLUTE     
            CODE    0158H     0294H     UNIT         HOMEWORK
            CODE    03ECH     017DH     UNIT         DIGITS
            CODE    0569H     0126H     UNIT         CAL3
            CODE    068FH     00DBH     UNIT         KEDIGITS
            CODE    076AH     0031H     UNIT         KETIMER2
            CODE    079BH     002BH     UNIT         KEYS
            CODE    07C6H     0015H     UNIT         LED
            CODE    07DBH     0011H     UNIT         KELED
            CODE    07ECH     0011H     UNIT         KEBEEP
                    07FDH     0003H                  *** GAP ***
            CODE    0800H     00CCH     UNIT         KELEDS
            CODE    08CCH     00C7H     UNIT         TIMER
            CODE    0993H     00BDH     UNIT         PASSWORD
            CODE    0A50H     00A9H     UNIT         BEEP
            CODE    0AF9H     0097H     UNIT         TEST3
            CODE    0B90H     0097H     UNIT         KEKEYS



SYMBOL TABLE OF MODULE:  .\Objects\test3 (C8051F310)
BL51 BANKED LINKER/LOCATER V6.22                                                      11/15/2017  18:41:38  PAGE 2



  VALUE           TYPE          NAME
  ----------------------------------

  -------         MODULE        C8051F310
  B:00D0H.6       SYMBOL        AC
  D:00E0H         SYMBOL        ACC
  B:00C0H.1       SYMBOL        ACK
  B:00C0H.3       SYMBOL        ACKRQ
  B:00E8H.4       SYMBOL        AD0BUSY
  B:00E8H.0       SYMBOL        AD0CM0
  B:00E8H.1       SYMBOL        AD0CM1
  B:00E8H.2       SYMBOL        AD0CM2
  B:00E8H.7       SYMBOL        AD0EN
  B:00E8H.5       SYMBOL        AD0INT
  B:00E8H.6       SYMBOL        AD0TM
  B:00E8H.3       SYMBOL        AD0WINT
  D:00BCH         SYMBOL        ADC0CF
  D:00E8H         SYMBOL        ADC0CN
  D:00C4H         SYMBOL        ADC0GTH
  D:00C3H         SYMBOL        ADC0GTL
  D:00BEH         SYMBOL        ADC0H
  D:00BDH         SYMBOL        ADC0L
  D:00C6H         SYMBOL        ADC0LTH
  D:00C5H         SYMBOL        ADC0LTL
  D:00BAH         SYMBOL        AMX0N
  D:00BBH         SYMBOL        AMX0P
  B:00C0H.2       SYMBOL        ARBLOST
  D:00F0H         SYMBOL        B
  B:00D8H.0       SYMBOL        CCF0
  B:00D8H.1       SYMBOL        CCF1
  B:00D8H.2       SYMBOL        CCF2
  B:00D8H.3       SYMBOL        CCF3
  B:00D8H.4       SYMBOL        CCF4
  B:00D8H.7       SYMBOL        CF
  D:008EH         SYMBOL        CKCON
  C:0104H         SYMBOL        CLEARMEM
  D:00A9H         SYMBOL        CLKSEL
  C:0132H         SYMBOL        CLOCKS_INIT
  D:009BH         SYMBOL        CPT0CN
  D:009DH         SYMBOL        CPT0MD
  D:009FH         SYMBOL        CPT0MX
  D:009AH         SYMBOL        CPT1CN
  D:009CH         SYMBOL        CPT1MD
  D:009EH         SYMBOL        CPT1MX
  B:00D8H.6       SYMBOL        CR
  B:00D0H.7       SYMBOL        CY
  D:0083H         SYMBOL        DPH
  D:0082H         SYMBOL        DPL
  B:00A8H.7       SYMBOL        EA
  D:00E6H         SYMBOL        EIE1
  D:00F6H         SYMBOL        EIP1
  D:00AAH         SYMBOL        EMI0CN
  B:00A8H.4       SYMBOL        ES0
  B:00A8H.6       SYMBOL        ESPI0
  B:00A8H.1       SYMBOL        ET0
  B:00A8H.3       SYMBOL        ET1
BL51 BANKED LINKER/LOCATER V6.22                                                      11/15/2017  18:41:38  PAGE 3


  B:00A8H.5       SYMBOL        ET2
  B:00A8H.0       SYMBOL        EX0
  B:00A8H.2       SYMBOL        EX1
  B:00D0H.5       SYMBOL        F0
  B:00D0H.1       SYMBOL        F1
  D:00B5H         SYMBOL        FLACL
  D:00B7H         SYMBOL        FLKEY
  D:00B6H         SYMBOL        FLSCL
  D:00A8H         SYMBOL        IE
  B:0088H.1       SYMBOL        IE0
  B:0088H.3       SYMBOL        IE1
  C:0141H         SYMBOL        INIT_DEVICE
  D:00B8H         SYMBOL        IP
  B:0088H.0       SYMBOL        IT0
  D:00E4H         SYMBOL        IT01CF
  B:0088H.2       SYMBOL        IT1
  B:00C0H.7       SYMBOL        MASTER
  B:0098H.5       SYMBOL        MCE0
  C:0100H         SYMBOL        MEM_INIT
  B:00F8H.5       SYMBOL        MODF
  B:00F8H.2       SYMBOL        NSSMD0
  B:00F8H.3       SYMBOL        NSSMD1
  D:00B3H         SYMBOL        OSCICL
  D:00B2H         SYMBOL        OSCICN
  D:00B1H         SYMBOL        OSCXCN
  B:00D0H.2       SYMBOL        OV
  B:00D0H.0       SYMBOL        P
  D:0080H         SYMBOL        P0
  D:00F1H         SYMBOL        P0MDIN
  D:00A4H         SYMBOL        P0MDOUT
  D:00D4H         SYMBOL        P0SKIP
  D:0090H         SYMBOL        P1
  D:00F2H         SYMBOL        P1MDIN
  D:00A5H         SYMBOL        P1MDOUT
  D:00D5H         SYMBOL        P1SKIP
  D:00A0H         SYMBOL        P2
  D:00F3H         SYMBOL        P2MDIN
  D:00A6H         SYMBOL        P2MDOUT
  D:00D6H         SYMBOL        P2SKIP
  D:00B0H         SYMBOL        P3
  D:00F4H         SYMBOL        P3MDIN
  D:00A7H         SYMBOL        P3MDOUT
  D:00D8H         SYMBOL        PCA0CN
  D:00FCH         SYMBOL        PCA0CPH0
  D:00EAH         SYMBOL        PCA0CPH1
  D:00ECH         SYMBOL        PCA0CPH2
  D:00EEH         SYMBOL        PCA0CPH3
  D:00FEH         SYMBOL        PCA0CPH4
  D:00FBH         SYMBOL        PCA0CPL0
  D:00E9H         SYMBOL        PCA0CPL1
  D:00EBH         SYMBOL        PCA0CPL2
  D:00EDH         SYMBOL        PCA0CPL3
  D:00FDH         SYMBOL        PCA0CPL4
  D:00DAH         SYMBOL        PCA0CPM0
  D:00DBH         SYMBOL        PCA0CPM1
  D:00DCH         SYMBOL        PCA0CPM2
  D:00DDH         SYMBOL        PCA0CPM3
BL51 BANKED LINKER/LOCATER V6.22                                                      11/15/2017  18:41:38  PAGE 4


  D:00DEH         SYMBOL        PCA0CPM4
  D:00FAH         SYMBOL        PCA0H
  D:00F9H         SYMBOL        PCA0L
  D:00D9H         SYMBOL        PCA0MD
  C:010EH         SYMBOL        PCA_INIT
  D:0087H         SYMBOL        PCON
  C:011CH         SYMBOL        PORT_IO_INIT
  B:00B8H.4       SYMBOL        PS0
  D:008FH         SYMBOL        PSCTL
  B:00B8H.6       SYMBOL        PSPI0
  D:00D0H         SYMBOL        PSW
  B:00B8H.1       SYMBOL        PT0
  B:00B8H.3       SYMBOL        PT1
  B:00B8H.5       SYMBOL        PT2
  B:00B8H.0       SYMBOL        PX0
  B:00B8H.2       SYMBOL        PX1
  B:0098H.2       SYMBOL        RB80
  D:00D1H         SYMBOL        REF0CN
  B:0098H.4       SYMBOL        REN0
  B:0098H.0       SYMBOL        RI0
  B:00D0H.3       SYMBOL        RS0
  B:00D0H.4       SYMBOL        RS1
  D:00EFH         SYMBOL        RSTSRC
  B:00F8H.4       SYMBOL        RXOVRN
  B:0098H.7       SYMBOL        S0MODE
  D:0099H         SYMBOL        SBUF0
  D:0098H         SYMBOL        SCON0
  B:00C0H.0       SYMBOL        SI
  D:00C1H         SYMBOL        SMB0CF
  D:00C0H         SYMBOL        SMB0CN
  D:00C2H         SYMBOL        SMB0DAT
  D:0081H         SYMBOL        SP
  D:00A1H         SYMBOL        SPI0CFG
  D:00A2H         SYMBOL        SPI0CKR
  D:00F8H         SYMBOL        SPI0CN
  D:00A3H         SYMBOL        SPI0DAT
  B:00F8H.0       SYMBOL        SPIEN
  B:00F8H.7       SYMBOL        SPIF
  B:00C0H.5       SYMBOL        STA
  B:00C0H.4       SYMBOL        STO
  B:00C8H.3       SYMBOL        T2SPLIT
  B:00C8H.0       SYMBOL        T2XCLK
  B:0098H.3       SYMBOL        TB80
  D:0088H         SYMBOL        TCON
  B:0088H.5       SYMBOL        TF0
  B:0088H.7       SYMBOL        TF1
  B:00C8H.7       SYMBOL        TF2H
  B:00C8H.6       SYMBOL        TF2L
  B:00C8H.5       SYMBOL        TF2LEN
  D:008CH         SYMBOL        TH0
  D:008DH         SYMBOL        TH1
  B:0098H.1       SYMBOL        TI0
  C:0115H         SYMBOL        TIMER_INIT
  D:008AH         SYMBOL        TL0
  D:008BH         SYMBOL        TL1
  D:0089H         SYMBOL        TMOD
  D:00C8H         SYMBOL        TMR2CN
BL51 BANKED LINKER/LOCATER V6.22                                                      11/15/2017  18:41:38  PAGE 5


  D:00CDH         SYMBOL        TMR2H
  D:00CCH         SYMBOL        TMR2L
  D:00CBH         SYMBOL        TMR2RLH
  D:00CAH         SYMBOL        TMR2RLL
  D:0091H         SYMBOL        TMR3CN
  D:0095H         SYMBOL        TMR3H
  D:0094H         SYMBOL        TMR3L
  D:0093H         SYMBOL        TMR3RLH
  D:0092H         SYMBOL        TMR3RLL
  B:0088H.4       SYMBOL        TR0
  B:0088H.6       SYMBOL        TR1
  B:00C8H.2       SYMBOL        TR2
  B:00F8H.1       SYMBOL        TXBMT
  B:00C0H.6       SYMBOL        TXMODE
  D:00FFH         SYMBOL        VDM0CN
  C:013AH         SYMBOL        WAIT0
  C:013CH         SYMBOL        WAIT1
  B:00F8H.6       SYMBOL        WCOL
  D:00E1H         SYMBOL        XBR0
  D:00E2H         SYMBOL        XBR1
  C:0000H         LINE#         21
  C:002BH         LINE#         36
  C:0100H         LINE#         49
  C:0102H         LINE#         50
  C:0104H         LINE#         52
  C:0106H         LINE#         53
  C:0107H         LINE#         54
  C:0109H         LINE#         55
  C:010BH         LINE#         56
  C:010DH         LINE#         57
  C:010EH         LINE#         62
  C:0111H         LINE#         63
  C:0114H         LINE#         64
  C:0115H         LINE#         67
  C:0118H         LINE#         68
  C:011BH         LINE#         69
  C:011CH         LINE#         95
  C:011EH         LINE#         96
  C:0120H         LINE#         97
  C:0123H         LINE#         98
  C:0126H         LINE#         100
  C:0129H         LINE#         101
  C:012CH         LINE#         102
  C:012FH         LINE#         105
  C:0131H         LINE#         107
  C:0132H         LINE#         112
  C:0135H         LINE#         113
  C:0138H         LINE#         115
  C:013AH         LINE#         117
  C:013CH         LINE#         119
  C:013EH         LINE#         120
  C:0140H         LINE#         121
  C:0141H         LINE#         128
  C:0144H         LINE#         130
  C:0147H         LINE#         131
  C:014AH         LINE#         132
  C:014DH         LINE#         133
BL51 BANKED LINKER/LOCATER V6.22                                                      11/15/2017  18:41:38  PAGE 6


  C:0150H         LINE#         134
  C:0153H         LINE#         139
  C:0156H         LINE#         140
  -------         ENDMOD        C8051F310

  -------         MODULE        TEST3
  C:0AF9H         SEGMENT       TEST3
  C:0B51H         PUBLIC        KEYS_CB
  C:0AF9H         PUBLIC        MAIN
  C:0B2EH         PUBLIC        TEST3_CHANGESTATE
  B:00D0H.6       SYMBOL        AC
  D:00E0H         SYMBOL        ACC
  B:00C0H.1       SYMBOL        ACK
  B:00C0H.3       SYMBOL        ACKRQ
  B:00E8H.4       SYMBOL        AD0BUSY
  B:00E8H.0       SYMBOL        AD0CM0
  B:00E8H.1       SYMBOL        AD0CM1
  B:00E8H.2       SYMBOL        AD0CM2
  B:00E8H.7       SYMBOL        AD0EN
  B:00E8H.5       SYMBOL        AD0INT
  B:00E8H.6       SYMBOL        AD0TM
  B:00E8H.3       SYMBOL        AD0WINT
  D:00BCH         SYMBOL        ADC0CF
  D:00E8H         SYMBOL        ADC0CN
  D:00C4H         SYMBOL        ADC0GTH
  D:00C3H         SYMBOL        ADC0GTL
  D:00BEH         SYMBOL        ADC0H
  D:00BDH         SYMBOL        ADC0L
  D:00C6H         SYMBOL        ADC0LTH
  D:00C5H         SYMBOL        ADC0LTL
  D:00BAH         SYMBOL        AMX0N
  D:00BBH         SYMBOL        AMX0P
  B:00C0H.2       SYMBOL        ARBLOST
  D:00F0H         SYMBOL        B
  B:00B0H.1       SYMBOL        BEEP
  N:0014H         SYMBOL        BEEP_COUNT
  N:0012H         SYMBOL        BEEP_STATE
  N:0013H         SYMBOL        BEEP_TOTAL
  N:0075H         SYMBOL        CALCULATE_1
  N:0074H         SYMBOL        CALCULATE_2
  N:0076H         SYMBOL        CALCULATE_NUM
  B:0028H.0       SYMBOL        CAL_STATE1
  B:0028H.1       SYMBOL        CAL_STATE2
  B:0028H.2       SYMBOL        CAL_STATE3
  B:00D8H.0       SYMBOL        CCF0
  B:00D8H.1       SYMBOL        CCF1
  B:00D8H.2       SYMBOL        CCF2
  B:00D8H.3       SYMBOL        CCF3
  B:00D8H.4       SYMBOL        CCF4
  B:00D8H.7       SYMBOL        CF
  C:0B33H         SYMBOL        CHANGESTATE_STATE0
  C:0B38H         SYMBOL        CHANGESTATE_STATE1
  C:0B40H         SYMBOL        CHANGESTATE_STATE2
  C:0B48H         SYMBOL        CHANGESTATE_STATE3
  C:0B50H         SYMBOL        CHANGESTATE_STATE4
  D:008EH         SYMBOL        CKCON
  D:00A9H         SYMBOL        CLKSEL
BL51 BANKED LINKER/LOCATER V6.22                                                      11/15/2017  18:41:38  PAGE 7


  D:009BH         SYMBOL        CPT0CN
  D:009DH         SYMBOL        CPT0MD
  D:009FH         SYMBOL        CPT0MX
  D:009AH         SYMBOL        CPT1CN
  D:009CH         SYMBOL        CPT1MD
  D:009EH         SYMBOL        CPT1MX
  B:00D8H.6       SYMBOL        CR
  B:00D0H.7       SYMBOL        CY
  C:0B1DH         SYMBOL        DELAY
  C:0B23H         SYMBOL        DELAY_LOOP1
  C:0B25H         SYMBOL        DELAY_LOOP2
  N:0026H         SYMBOL        DIGITS_LASTSTATE
  B:0026H.0       SYMBOL        DIGITS_LASTSTATE0
  B:0026H.7       SYMBOL        DIGITS_LASTSTATE7
  N:0024H         SYMBOL        DIGITS_STATE
  B:0024H.7       SYMBOL        DIGITS_STATE0
  B:0024H.0       SYMBOL        DIGITS_STATE7
  D:0083H         SYMBOL        DPH
  D:0082H         SYMBOL        DPL
  B:00A8H.7       SYMBOL        EA
  D:00E6H         SYMBOL        EIE1
  D:00F6H         SYMBOL        EIP1
  D:00AAH         SYMBOL        EMI0CN
  B:00A8H.4       SYMBOL        ES0
  B:00A8H.6       SYMBOL        ESPI0
  B:00A8H.1       SYMBOL        ET0
  B:00A8H.3       SYMBOL        ET1
  B:00A8H.5       SYMBOL        ET2
  B:00A8H.0       SYMBOL        EX0
  B:00A8H.2       SYMBOL        EX1
  B:00D0H.5       SYMBOL        F0
  B:00D0H.1       SYMBOL        F1
  C:0B8DH         SYMBOL        FINISHKEY
  C:0B50H         SYMBOL        FINISHSTATE
  D:00B5H         SYMBOL        FLACL
  D:00B7H         SYMBOL        FLKEY
  D:00B6H         SYMBOL        FLSCL
  N:0011H         SYMBOL        G_DIGIT1
  N:0010H         SYMBOL        G_DIGIT2
  N:0025H         SYMBOL        G_DIGITSTATE
  B:0025H.7       SYMBOL        G_DIGITSTATE0
  B:0025H.0       SYMBOL        G_DIGITSTATE7
  B:0020H.0       SYMBOL        G_LED1
  B:0020H.1       SYMBOL        G_LED2
  B:0020H.2       SYMBOL        G_LED3
  B:0020H.3       SYMBOL        G_LED4
  B:0020H.4       SYMBOL        G_LED5
  B:0020H.5       SYMBOL        G_LED6
  B:0020H.6       SYMBOL        G_LED7
  B:0020H.7       SYMBOL        G_LED8
  N:0020H         SYMBOL        G_LEDS
  N:007BH         SYMBOL        HOMEWORK_COUNT
  N:0077H         SYMBOL        HOMEWORK_SECOND
  N:007AH         SYMBOL        HOMEWORK_SECOND1
  N:0079H         SYMBOL        HOMEWORK_SECOND2
  N:0078H         SYMBOL        HOMEWORK_SECOND3
  N:0027H         SYMBOL        HOMEWORK_STATE
BL51 BANKED LINKER/LOCATER V6.22                                                      11/15/2017  18:41:38  PAGE 8


  B:0027H.7       SYMBOL        HOMEWORK_STATE0
  B:0027H.0       SYMBOL        HOMEWORK_STATE7
  D:00A8H         SYMBOL        IE
  B:0088H.1       SYMBOL        IE0
  B:0088H.3       SYMBOL        IE1
  B:0022H.3       SYMBOL        INIT_BEEP
  B:0023H.2       SYMBOL        INIT_DIGITS
  B:0022H.0       SYMBOL        INIT_KEBEEP
  B:0023H.1       SYMBOL        INIT_KEDIGITS
  B:0022H.1       SYMBOL        INIT_KEKEYS
  B:0021H.1       SYMBOL        INIT_KELED
  B:0022H.6       SYMBOL        INIT_KELEDS
  B:0022H.5       SYMBOL        INIT_KETIMER2
  B:0023H.0       SYMBOL        INIT_KEYS
  B:0022H.2       SYMBOL        INIT_LED
  B:0022H.7       SYMBOL        INIT_LEDS
  B:0022H.4       SYMBOL        INIT_TIMER
  B:0021H.0       SYMBOL        INT_C_OLD
  D:00B8H         SYMBOL        IP
  B:0088H.0       SYMBOL        IT0
  D:00E4H         SYMBOL        IT01CF
  B:0088H.2       SYMBOL        IT1
  N:0015H         SYMBOL        KEYS_LASTCODE
  C:0B70H         SYMBOL        KEYS_STATE0
  C:0B75H         SYMBOL        KEYS_STATE1
  C:0B7DH         SYMBOL        KEYS_STATE2
  C:0B85H         SYMBOL        KEYS_STATE3
  C:0B8DH         SYMBOL        KEYS_STATE4
  B:0080H.1       SYMBOL        KINT
  N:0016H         SYMBOL        LEDS_PATTERN
  B:00C0H.7       SYMBOL        MASTER
  B:0098H.5       SYMBOL        MCE0
  B:00F8H.5       SYMBOL        MODF
  C:0B6EH         SYMBOL        NORMAL
  B:00F8H.2       SYMBOL        NSSMD0
  B:00F8H.3       SYMBOL        NSSMD1
  D:00B3H         SYMBOL        OSCICL
  D:00B2H         SYMBOL        OSCICN
  D:00B1H         SYMBOL        OSCXCN
  B:00D0H.2       SYMBOL        OV
  B:00D0H.0       SYMBOL        P
  D:0080H         SYMBOL        P0
  D:00F1H         SYMBOL        P0MDIN
  D:00A4H         SYMBOL        P0MDOUT
  D:00D4H         SYMBOL        P0SKIP
  D:0090H         SYMBOL        P1
  D:00F2H         SYMBOL        P1MDIN
  D:00A5H         SYMBOL        P1MDOUT
  D:00D5H         SYMBOL        P1SKIP
  D:00A0H         SYMBOL        P2
  D:00F3H         SYMBOL        P2MDIN
  D:00A6H         SYMBOL        P2MDOUT
  D:00D6H         SYMBOL        P2SKIP
  D:00B0H         SYMBOL        P3
  D:00F4H         SYMBOL        P3MDIN
  D:00A7H         SYMBOL        P3MDOUT
  N:007DH         SYMBOL        PASSWORD_PSW1
BL51 BANKED LINKER/LOCATER V6.22                                                      11/15/2017  18:41:38  PAGE 9


  N:007CH         SYMBOL        PASSWORD_PSW2
  N:007EH         SYMBOL        PASSWORD_STATE
  D:00D8H         SYMBOL        PCA0CN
  D:00FCH         SYMBOL        PCA0CPH0
  D:00EAH         SYMBOL        PCA0CPH1
  D:00ECH         SYMBOL        PCA0CPH2
  D:00EEH         SYMBOL        PCA0CPH3
  D:00FEH         SYMBOL        PCA0CPH4
  D:00FBH         SYMBOL        PCA0CPL0
  D:00E9H         SYMBOL        PCA0CPL1
  D:00EBH         SYMBOL        PCA0CPL2
  D:00EDH         SYMBOL        PCA0CPL3
  D:00FDH         SYMBOL        PCA0CPL4
  D:00DAH         SYMBOL        PCA0CPM0
  D:00DBH         SYMBOL        PCA0CPM1
  D:00DCH         SYMBOL        PCA0CPM2
  D:00DDH         SYMBOL        PCA0CPM3
  D:00DEH         SYMBOL        PCA0CPM4
  D:00FAH         SYMBOL        PCA0H
  D:00F9H         SYMBOL        PCA0L
  D:00D9H         SYMBOL        PCA0MD
  D:0087H         SYMBOL        PCON
  B:00B8H.4       SYMBOL        PS0
  D:008FH         SYMBOL        PSCTL
  B:00B8H.6       SYMBOL        PSPI0
  D:00D0H         SYMBOL        PSW
  B:00B8H.1       SYMBOL        PT0
  B:00B8H.3       SYMBOL        PT1
  B:00B8H.5       SYMBOL        PT2
  B:00B8H.0       SYMBOL        PX0
  B:00B8H.2       SYMBOL        PX1
  B:0098H.2       SYMBOL        RB80
  D:00D1H         SYMBOL        REF0CN
  B:0098H.4       SYMBOL        REN0
  B:0098H.0       SYMBOL        RI0
  B:00D0H.3       SYMBOL        RS0
  B:00D0H.4       SYMBOL        RS1
  D:00EFH         SYMBOL        RSTSRC
  B:00F8H.4       SYMBOL        RXOVRN
  B:0098H.7       SYMBOL        S0MODE
  D:0099H         SYMBOL        SBUF0
  D:0098H         SYMBOL        SCON0
  B:00C0H.0       SYMBOL        SI
  D:00C1H         SYMBOL        SMB0CF
  D:00C0H         SYMBOL        SMB0CN
  D:00C2H         SYMBOL        SMB0DAT
  D:0081H         SYMBOL        SP
  D:00A1H         SYMBOL        SPI0CFG
  D:00A2H         SYMBOL        SPI0CKR
  D:00F8H         SYMBOL        SPI0CN
  D:00A3H         SYMBOL        SPI0DAT
  B:00F8H.0       SYMBOL        SPIEN
  B:00F8H.7       SYMBOL        SPIF
  B:00C0H.5       SYMBOL        STA
  B:00C0H.4       SYMBOL        STO
  C:0B12H         SYMBOL        SWEEP
  C:0B5AH         SYMBOL        SWITCH1
BL51 BANKED LINKER/LOCATER V6.22                                                      11/15/2017  18:41:38  PAGE 10


  C:0B64H         SYMBOL        SWITCH2
  B:00C8H.3       SYMBOL        T2SPLIT
  B:00C8H.0       SYMBOL        T2XCLK
  B:0098H.3       SYMBOL        TB80
  D:0088H         SYMBOL        TCON
  N:007FH         SYMBOL        TEST3_MAINSTATE
  B:0088H.5       SYMBOL        TF0
  B:0088H.7       SYMBOL        TF1
  B:00C8H.7       SYMBOL        TF2H
  B:00C8H.6       SYMBOL        TF2L
  B:00C8H.5       SYMBOL        TF2LEN
  D:008CH         SYMBOL        TH0
  D:008DH         SYMBOL        TH1
  B:0098H.1       SYMBOL        TI0
  N:0018H         SYMBOL        TIMER_CNT1
  N:001FH         SYMBOL        TIMER_CNT8
  N:0017H         SYMBOL        TIMER_CTRL
  D:008AH         SYMBOL        TL0
  D:008BH         SYMBOL        TL1
  D:0089H         SYMBOL        TMOD
  D:00C8H         SYMBOL        TMR2CN
  D:00CDH         SYMBOL        TMR2H
  D:00CCH         SYMBOL        TMR2L
  D:00CBH         SYMBOL        TMR2RLH
  D:00CAH         SYMBOL        TMR2RLL
  D:0091H         SYMBOL        TMR3CN
  D:0095H         SYMBOL        TMR3H
  D:0094H         SYMBOL        TMR3L
  D:0093H         SYMBOL        TMR3RLH
  D:0092H         SYMBOL        TMR3RLL
  B:0088H.4       SYMBOL        TR0
  B:0088H.6       SYMBOL        TR1
  B:00C8H.2       SYMBOL        TR2
  B:00F8H.1       SYMBOL        TXBMT
  B:00C0H.6       SYMBOL        TXMODE
  D:00FFH         SYMBOL        VDM0CN
  B:00F8H.6       SYMBOL        WCOL
  D:00E1H         SYMBOL        XBR0
  D:00E2H         SYMBOL        XBR1
  C:0AF9H         LINE#         35
  C:0AFBH         LINE#         36
  C:0AFDH         LINE#         38
  C:0B00H         LINE#         39
  C:0B03H         LINE#         40
  C:0B06H         LINE#         41
  C:0B09H         LINE#         42
  C:0B0CH         LINE#         44
  C:0B0FH         LINE#         45
  C:0B12H         LINE#         48
  C:0B15H         LINE#         49
  C:0B18H         LINE#         50
  C:0B1AH         LINE#         52
  C:0B1CH         LINE#         53
  C:0B1DH         LINE#         57
  C:0B1FH         LINE#         58
  C:0B21H         LINE#         60
  C:0B23H         LINE#         62
BL51 BANKED LINKER/LOCATER V6.22                                                      11/15/2017  18:41:38  PAGE 11


  C:0B25H         LINE#         64
  C:0B27H         LINE#         65
  C:0B29H         LINE#         68
  C:0B2BH         LINE#         69
  C:0B2DH         LINE#         70
  C:0B2EH         LINE#         77
  C:0B31H         LINE#         79
  C:0B33H         LINE#         82
  C:0B36H         LINE#         84
  C:0B38H         LINE#         87
  C:0B3BH         LINE#         88
  C:0B3EH         LINE#         89
  C:0B40H         LINE#         92
  C:0B43H         LINE#         93
  C:0B46H         LINE#         94
  C:0B48H         LINE#         97
  C:0B4BH         LINE#         98
  C:0B4EH         LINE#         99
  C:0B50H         LINE#         105
  C:0B51H         LINE#         113
  C:0B53H         LINE#         114
  C:0B55H         LINE#         115
  C:0B58H         LINE#         117
  C:0B5AH         LINE#         119
  C:0B5DH         LINE#         120
  C:0B60H         LINE#         121
  C:0B62H         LINE#         122
  C:0B64H         LINE#         124
  C:0B67H         LINE#         125
  C:0B6AH         LINE#         126
  C:0B6CH         LINE#         127
  C:0B6EH         LINE#         131
  C:0B70H         LINE#         134
  C:0B73H         LINE#         136
  C:0B75H         LINE#         139
  C:0B78H         LINE#         140
  C:0B7BH         LINE#         141
  C:0B7DH         LINE#         144
  C:0B80H         LINE#         145
  C:0B83H         LINE#         146
  C:0B85H         LINE#         149
  C:0B88H         LINE#         150
  C:0B8BH         LINE#         151
  C:0B8DH         LINE#         156
  C:0B8FH         LINE#         157
  -------         ENDMOD        TEST3

  -------         MODULE        HOMEWORK
  C:0158H         SEGMENT       HOMEWORK
  C:031DH         PUBLIC        HOMEWORK_KEYEVENT
  C:0158H         PUBLIC        HOMEWORK_MAIN
  C:0389H         PUBLIC        TIMER_4
  C:03AAH         PUBLIC        TIMER_5
  C:03CBH         PUBLIC        TIMER_6
  B:00D0H.6       SYMBOL        AC
  D:00E0H         SYMBOL        ACC
  B:00C0H.1       SYMBOL        ACK
BL51 BANKED LINKER/LOCATER V6.22                                                      11/15/2017  18:41:38  PAGE 12


  B:00C0H.3       SYMBOL        ACKRQ
  B:00E8H.4       SYMBOL        AD0BUSY
  B:00E8H.0       SYMBOL        AD0CM0
  B:00E8H.1       SYMBOL        AD0CM1
  B:00E8H.2       SYMBOL        AD0CM2
  B:00E8H.7       SYMBOL        AD0EN
  B:00E8H.5       SYMBOL        AD0INT
  B:00E8H.6       SYMBOL        AD0TM
  B:00E8H.3       SYMBOL        AD0WINT
  D:00BCH         SYMBOL        ADC0CF
  D:00E8H         SYMBOL        ADC0CN
  D:00C4H         SYMBOL        ADC0GTH
  D:00C3H         SYMBOL        ADC0GTL
  D:00BEH         SYMBOL        ADC0H
  D:00BDH         SYMBOL        ADC0L
  D:00C6H         SYMBOL        ADC0LTH
  D:00C5H         SYMBOL        ADC0LTL
  D:00BAH         SYMBOL        AMX0N
  D:00BBH         SYMBOL        AMX0P
  B:00C0H.2       SYMBOL        ARBLOST
  D:00F0H         SYMBOL        B
  N:0014H         SYMBOL        BEEP_COUNT
  N:0012H         SYMBOL        BEEP_STATE
  N:0013H         SYMBOL        BEEP_TOTAL
  N:0075H         SYMBOL        CALCULATE_1
  N:0074H         SYMBOL        CALCULATE_2
  N:0076H         SYMBOL        CALCULATE_NUM
  B:0028H.0       SYMBOL        CAL_STATE1
  B:0028H.1       SYMBOL        CAL_STATE2
  B:0028H.2       SYMBOL        CAL_STATE3
  B:00D8H.0       SYMBOL        CCF0
  B:00D8H.1       SYMBOL        CCF1
  B:00D8H.2       SYMBOL        CCF2
  B:00D8H.3       SYMBOL        CCF3
  B:00D8H.4       SYMBOL        CCF4
  B:00D8H.7       SYMBOL        CF
  D:008EH         SYMBOL        CKCON
  D:00A9H         SYMBOL        CLKSEL
  C:0265H         SYMBOL        CONTINUE1
  C:0271H         SYMBOL        CONTINUE2
  D:009BH         SYMBOL        CPT0CN
  D:009DH         SYMBOL        CPT0MD
  D:009FH         SYMBOL        CPT0MX
  D:009AH         SYMBOL        CPT1CN
  D:009CH         SYMBOL        CPT1MD
  D:009EH         SYMBOL        CPT1MX
  B:00D8H.6       SYMBOL        CR
  B:00D0H.7       SYMBOL        CY
  N:0026H         SYMBOL        DIGITS_LASTSTATE
  B:0026H.0       SYMBOL        DIGITS_LASTSTATE0
  B:0026H.7       SYMBOL        DIGITS_LASTSTATE7
  N:0024H         SYMBOL        DIGITS_STATE
  B:0024H.7       SYMBOL        DIGITS_STATE0
  B:0024H.0       SYMBOL        DIGITS_STATE7
  D:0083H         SYMBOL        DPH
  D:0082H         SYMBOL        DPL
  B:00A8H.7       SYMBOL        EA
BL51 BANKED LINKER/LOCATER V6.22                                                      11/15/2017  18:41:38  PAGE 13


  D:00E6H         SYMBOL        EIE1
  D:00F6H         SYMBOL        EIP1
  D:00AAH         SYMBOL        EMI0CN
  C:02BEH         SYMBOL        ENTERSETTING
  C:02CFH         SYMBOL        ENTERSETTINGNUM1
  C:02D7H         SYMBOL        ENTERSETTINGNUM2
  C:02DFH         SYMBOL        ENTERSETTINGNUM3
  C:02EAH         SYMBOL        ENTERSETTINGNUM4
  B:00A8H.4       SYMBOL        ES0
  B:00A8H.6       SYMBOL        ESPI0
  B:00A8H.1       SYMBOL        ET0
  B:00A8H.3       SYMBOL        ET1
  B:00A8H.5       SYMBOL        ET2
  B:00A8H.0       SYMBOL        EX0
  B:00A8H.2       SYMBOL        EX1
  C:02EFH         SYMBOL        EXITSETTING
  C:02FAH         SYMBOL        EXITSETTINGNUM1
  C:0304H         SYMBOL        EXITSETTINGNUM2
  C:030EH         SYMBOL        EXITSETTINGNUM3
  C:0318H         SYMBOL        EXITSETTINGNUM4
  B:00D0H.5       SYMBOL        F0
  B:00D0H.1       SYMBOL        F1
  C:03A6H         SYMBOL        FINISH1
  C:03C7H         SYMBOL        FINISH2
  C:03E8H         SYMBOL        FINISH3
  D:00B5H         SYMBOL        FLACL
  D:00B7H         SYMBOL        FLKEY
  D:00B6H         SYMBOL        FLSCL
  N:0011H         SYMBOL        G_DIGIT1
  N:0010H         SYMBOL        G_DIGIT2
  N:0025H         SYMBOL        G_DIGITSTATE
  B:0025H.7       SYMBOL        G_DIGITSTATE0
  B:0025H.0       SYMBOL        G_DIGITSTATE7
  B:0020H.0       SYMBOL        G_LED1
  B:0020H.1       SYMBOL        G_LED2
  B:0020H.2       SYMBOL        G_LED3
  B:0020H.3       SYMBOL        G_LED4
  B:0020H.4       SYMBOL        G_LED5
  B:0020H.5       SYMBOL        G_LED6
  B:0020H.6       SYMBOL        G_LED7
  B:0020H.7       SYMBOL        G_LED8
  N:0020H         SYMBOL        G_LEDS
  N:007BH         SYMBOL        HOMEWORK_COUNT
  N:000AH         SYMBOL        HOMEWORK_COUNT1
  N:0002H         SYMBOL        HOMEWORK_COUNT2
  N:0001H         SYMBOL        HOMEWORK_COUNT3
  N:0077H         SYMBOL        HOMEWORK_SECOND
  N:007AH         SYMBOL        HOMEWORK_SECOND1
  N:0079H         SYMBOL        HOMEWORK_SECOND2
  N:0078H         SYMBOL        HOMEWORK_SECOND3
  N:0027H         SYMBOL        HOMEWORK_STATE
  B:0027H.7       SYMBOL        HOMEWORK_STATE0
  B:0027H.0       SYMBOL        HOMEWORK_STATE7
  D:00A8H         SYMBOL        IE
  B:0088H.1       SYMBOL        IE0
  B:0088H.3       SYMBOL        IE1
  B:0022H.3       SYMBOL        INIT_BEEP
BL51 BANKED LINKER/LOCATER V6.22                                                      11/15/2017  18:41:38  PAGE 14


  B:0023H.2       SYMBOL        INIT_DIGITS
  B:0022H.0       SYMBOL        INIT_KEBEEP
  B:0023H.1       SYMBOL        INIT_KEDIGITS
  B:0022H.1       SYMBOL        INIT_KEKEYS
  B:0021H.1       SYMBOL        INIT_KELED
  B:0022H.6       SYMBOL        INIT_KELEDS
  B:0022H.5       SYMBOL        INIT_KETIMER2
  B:0023H.0       SYMBOL        INIT_KEYS
  B:0022H.2       SYMBOL        INIT_LED
  B:0022H.7       SYMBOL        INIT_LEDS
  B:0022H.4       SYMBOL        INIT_TIMER
  B:0021H.0       SYMBOL        INT_C_OLD
  C:037FH         SYMBOL        INVALID1
  D:00B8H         SYMBOL        IP
  B:0088H.0       SYMBOL        IT0
  D:00E4H         SYMBOL        IT01CF
  B:0088H.2       SYMBOL        IT1
  C:032DH         SYMBOL        KEY1
  C:034BH         SYMBOL        KEY10
  C:0352H         SYMBOL        KEY11
  C:0337H         SYMBOL        KEY2
  C:0341H         SYMBOL        KEY3
  N:0015H         SYMBOL        KEYS_LASTCODE
  N:0016H         SYMBOL        LEDS_PATTERN
  B:00C0H.7       SYMBOL        MASTER
  B:0098H.5       SYMBOL        MCE0
  B:00F8H.5       SYMBOL        MODF
  C:032DH         SYMBOL        NORMALMODE
  B:00F8H.2       SYMBOL        NSSMD0
  B:00F8H.3       SYMBOL        NSSMD1
  D:00B3H         SYMBOL        OSCICL
  D:00B2H         SYMBOL        OSCICN
  D:00B1H         SYMBOL        OSCXCN
  C:0375H         SYMBOL        OTHERKEYS
  B:00D0H.2       SYMBOL        OV
  B:00D0H.0       SYMBOL        P
  D:0080H         SYMBOL        P0
  D:00F1H         SYMBOL        P0MDIN
  D:00A4H         SYMBOL        P0MDOUT
  D:00D4H         SYMBOL        P0SKIP
  D:0090H         SYMBOL        P1
  D:00F2H         SYMBOL        P1MDIN
  D:00A5H         SYMBOL        P1MDOUT
  D:00D5H         SYMBOL        P1SKIP
  D:00A0H         SYMBOL        P2
  D:00F3H         SYMBOL        P2MDIN
  D:00A6H         SYMBOL        P2MDOUT
  D:00D6H         SYMBOL        P2SKIP
  D:00B0H         SYMBOL        P3
  D:00F4H         SYMBOL        P3MDIN
  D:00A7H         SYMBOL        P3MDOUT
  N:007DH         SYMBOL        PASSWORD_PSW1
  N:007CH         SYMBOL        PASSWORD_PSW2
  N:007EH         SYMBOL        PASSWORD_STATE
  C:02A4H         SYMBOL        PAUSENUM1
  C:02ABH         SYMBOL        PAUSENUM2
  C:02B2H         SYMBOL        PAUSENUM3
BL51 BANKED LINKER/LOCATER V6.22                                                      11/15/2017  18:41:38  PAGE 15


  C:02B9H         SYMBOL        PAUSENUM4
  D:00D8H         SYMBOL        PCA0CN
  D:00FCH         SYMBOL        PCA0CPH0
  D:00EAH         SYMBOL        PCA0CPH1
  D:00ECH         SYMBOL        PCA0CPH2
  D:00EEH         SYMBOL        PCA0CPH3
  D:00FEH         SYMBOL        PCA0CPH4
  D:00FBH         SYMBOL        PCA0CPL0
  D:00E9H         SYMBOL        PCA0CPL1
  D:00EBH         SYMBOL        PCA0CPL2
  D:00EDH         SYMBOL        PCA0CPL3
  D:00FDH         SYMBOL        PCA0CPL4
  D:00DAH         SYMBOL        PCA0CPM0
  D:00DBH         SYMBOL        PCA0CPM1
  D:00DCH         SYMBOL        PCA0CPM2
  D:00DDH         SYMBOL        PCA0CPM3
  D:00DEH         SYMBOL        PCA0CPM4
  D:00FAH         SYMBOL        PCA0H
  D:00F9H         SYMBOL        PCA0L
  D:00D9H         SYMBOL        PCA0MD
  D:0087H         SYMBOL        PCON
  B:00B8H.4       SYMBOL        PS0
  D:008FH         SYMBOL        PSCTL
  B:00B8H.6       SYMBOL        PSPI0
  D:00D0H         SYMBOL        PSW
  B:00B8H.1       SYMBOL        PT0
  B:00B8H.3       SYMBOL        PT1
  B:00B8H.5       SYMBOL        PT2
  B:00B8H.0       SYMBOL        PX0
  B:00B8H.2       SYMBOL        PX1
  B:0098H.2       SYMBOL        RB80
  D:00D1H         SYMBOL        REF0CN
  B:0098H.4       SYMBOL        REN0
  B:0098H.0       SYMBOL        RI0
  B:00D0H.3       SYMBOL        RS0
  B:00D0H.4       SYMBOL        RS1
  D:00EFH         SYMBOL        RSTSRC
  B:00F8H.4       SYMBOL        RXOVRN
  B:0098H.7       SYMBOL        S0MODE
  D:0099H         SYMBOL        SBUF0
  D:0098H         SYMBOL        SCON0
  C:0168H         SYMBOL        SELECT1
  C:0197H         SYMBOL        SELECT2
  C:01C6H         SYMBOL        SELECT3
  C:035FH         SYMBOL        SETTINGMODE
  B:00C0H.0       SYMBOL        SI
  D:00C1H         SYMBOL        SMB0CF
  D:00C0H         SYMBOL        SMB0CN
  D:00C2H         SYMBOL        SMB0DAT
  D:0081H         SYMBOL        SP
  D:00A1H         SYMBOL        SPI0CFG
  D:00A2H         SYMBOL        SPI0CKR
  D:00F8H         SYMBOL        SPI0CN
  D:00A3H         SYMBOL        SPI0DAT
  B:00F8H.0       SYMBOL        SPIEN
  B:00F8H.7       SYMBOL        SPIF
  B:00C0H.5       SYMBOL        STA
BL51 BANKED LINKER/LOCATER V6.22                                                      11/15/2017  18:41:38  PAGE 16


  C:0285H         SYMBOL        STARTNUM1
  C:028CH         SYMBOL        STARTNUM2
  C:0293H         SYMBOL        STARTNUM3
  C:029AH         SYMBOL        STARTNUM4
  C:0249H         SYMBOL        STARTPLAY
  C:029CH         SYMBOL        STARTPLAY_PAUSE
  C:027DH         SYMBOL        STARTPLAY_START
  C:01F5H         SYMBOL        STARTTIMER1
  C:0211H         SYMBOL        STARTTIMER2
  C:022DH         SYMBOL        STARTTIMER3
  B:00C0H.4       SYMBOL        STO
  C:0203H         SYMBOL        STOPTIMER1
  C:021FH         SYMBOL        STOPTIMER2
  C:023BH         SYMBOL        STOPTIMER3
  B:00C8H.3       SYMBOL        T2SPLIT
  B:00C8H.0       SYMBOL        T2XCLK
  B:0098H.3       SYMBOL        TB80
  D:0088H         SYMBOL        TCON
  N:007FH         SYMBOL        TEST3_MAINSTATE
  B:0088H.5       SYMBOL        TF0
  B:0088H.7       SYMBOL        TF1
  B:00C8H.7       SYMBOL        TF2H
  B:00C8H.6       SYMBOL        TF2L
  B:00C8H.5       SYMBOL        TF2LEN
  D:008CH         SYMBOL        TH0
  D:008DH         SYMBOL        TH1
  B:0098H.1       SYMBOL        TI0
  N:0018H         SYMBOL        TIMER_CNT1
  N:001FH         SYMBOL        TIMER_CNT8
  N:0017H         SYMBOL        TIMER_CTRL
  D:008AH         SYMBOL        TL0
  D:008BH         SYMBOL        TL1
  D:0089H         SYMBOL        TMOD
  D:00C8H         SYMBOL        TMR2CN
  D:00CDH         SYMBOL        TMR2H
  D:00CCH         SYMBOL        TMR2L
  D:00CBH         SYMBOL        TMR2RLH
  D:00CAH         SYMBOL        TMR2RLL
  D:0091H         SYMBOL        TMR3CN
  D:0095H         SYMBOL        TMR3H
  D:0094H         SYMBOL        TMR3L
  D:0093H         SYMBOL        TMR3RLH
  D:0092H         SYMBOL        TMR3RLL
  B:0088H.4       SYMBOL        TR0
  B:0088H.6       SYMBOL        TR1
  B:00C8H.2       SYMBOL        TR2
  B:00F8H.1       SYMBOL        TXBMT
  B:00C0H.6       SYMBOL        TXMODE
  D:00FFH         SYMBOL        VDM0CN
  B:00F8H.6       SYMBOL        WCOL
  D:00E1H         SYMBOL        XBR0
  D:00E2H         SYMBOL        XBR1
  C:02ECH         SYMBOL        _ENTERSETTING
  C:031AH         SYMBOL        _EXITSETTING
  C:0384H         SYMBOL        _HOMEWORK_KEYEVENT
  C:02BBH         SYMBOL        _STARTPLAY
  C:0158H         LINE#         49
BL51 BANKED LINKER/LOCATER V6.22                                                      11/15/2017  18:41:38  PAGE 17


  C:015AH         LINE#         51
  C:015DH         LINE#         52
  C:0160H         LINE#         53
  C:0163H         LINE#         55
  C:0165H         LINE#         57
  C:0167H         LINE#         58
  C:0168H         LINE#         65
  C:016AH         LINE#         66
  C:016CH         LINE#         67
  C:016EH         LINE#         68
  C:0171H         LINE#         69
  C:0173H         LINE#         70
  C:0175H         LINE#         71
  C:0178H         LINE#         72
  C:017BH         LINE#         73
  C:017EH         LINE#         74
  C:0181H         LINE#         75
  C:0184H         LINE#         76
  C:0187H         LINE#         77
  C:018AH         LINE#         78
  C:018DH         LINE#         79
  C:0190H         LINE#         80
  C:0193H         LINE#         81
  C:0196H         LINE#         83
  C:0197H         LINE#         86
  C:0199H         LINE#         87
  C:019BH         LINE#         88
  C:019DH         LINE#         89
  C:01A0H         LINE#         90
  C:01A2H         LINE#         91
  C:01A4H         LINE#         92
  C:01A7H         LINE#         93
  C:01AAH         LINE#         94
  C:01ADH         LINE#         95
  C:01B0H         LINE#         96
  C:01B3H         LINE#         97
  C:01B6H         LINE#         98
  C:01B9H         LINE#         99
  C:01BCH         LINE#         100
  C:01BFH         LINE#         101
  C:01C2H         LINE#         102
  C:01C5H         LINE#         104
  C:01C6H         LINE#         107
  C:01C8H         LINE#         108
  C:01CAH         LINE#         109
  C:01CCH         LINE#         110
  C:01CFH         LINE#         111
  C:01D1H         LINE#         112
  C:01D3H         LINE#         113
  C:01D6H         LINE#         114
  C:01D9H         LINE#         115
  C:01DCH         LINE#         116
  C:01DFH         LINE#         117
  C:01E2H         LINE#         118
  C:01E5H         LINE#         119
  C:01E8H         LINE#         120
  C:01EBH         LINE#         121
BL51 BANKED LINKER/LOCATER V6.22                                                      11/15/2017  18:41:38  PAGE 18


  C:01EEH         LINE#         122
  C:01F1H         LINE#         123
  C:01F4H         LINE#         125
  C:01F5H         LINE#         132
  C:01F7H         LINE#         134
  C:01FAH         LINE#         135
  C:01FDH         LINE#         136
  C:0200H         LINE#         139
  C:0202H         LINE#         140
  C:0203H         LINE#         144
  C:0205H         LINE#         146
  C:0208H         LINE#         147
  C:020BH         LINE#         148
  C:020EH         LINE#         150
  C:0210H         LINE#         151
  C:0211H         LINE#         154
  C:0213H         LINE#         156
  C:0216H         LINE#         157
  C:0219H         LINE#         158
  C:021CH         LINE#         160
  C:021EH         LINE#         161
  C:021FH         LINE#         165
  C:0221H         LINE#         167
  C:0224H         LINE#         168
  C:0227H         LINE#         169
  C:022AH         LINE#         171
  C:022CH         LINE#         172
  C:022DH         LINE#         175
  C:022FH         LINE#         177
  C:0232H         LINE#         178
  C:0235H         LINE#         179
  C:0238H         LINE#         181
  C:023AH         LINE#         182
  C:023BH         LINE#         186
  C:023DH         LINE#         188
  C:0240H         LINE#         189
  C:0243H         LINE#         190
  C:0246H         LINE#         192
  C:0248H         LINE#         193
  C:0249H         LINE#         202
  C:024BH         LINE#         204
  C:024DH         LINE#         205
  C:024FH         LINE#         206
  C:0250H         LINE#         208
  C:0253H         LINE#         209
  C:0256H         LINE#         210
  C:0259H         LINE#         211
  C:025BH         LINE#         212
  C:025DH         LINE#         213
  C:0260H         LINE#         214
  C:0263H         LINE#         215
  C:0265H         LINE#         218
  C:0268H         LINE#         219
  C:026BH         LINE#         220
  C:026DH         LINE#         221
  C:026FH         LINE#         222
  C:0271H         LINE#         225
BL51 BANKED LINKER/LOCATER V6.22                                                      11/15/2017  18:41:38  PAGE 19


  C:0274H         LINE#         226
  C:0277H         LINE#         227
  C:0279H         LINE#         228
  C:027BH         LINE#         229
  C:027DH         LINE#         232
  C:027FH         LINE#         233
  C:0281H         LINE#         234
  C:0282H         LINE#         235
  C:0285H         LINE#         238
  C:0288H         LINE#         239
  C:028AH         LINE#         240
  C:028CH         LINE#         243
  C:028FH         LINE#         244
  C:0291H         LINE#         245
  C:0293H         LINE#         248
  C:0296H         LINE#         249
  C:0298H         LINE#         250
  C:029AH         LINE#         253
  C:029CH         LINE#         256
  C:029EH         LINE#         257
  C:02A0H         LINE#         258
  C:02A1H         LINE#         259
  C:02A4H         LINE#         262
  C:02A7H         LINE#         263
  C:02A9H         LINE#         264
  C:02ABH         LINE#         267
  C:02AEH         LINE#         268
  C:02B0H         LINE#         269
  C:02B2H         LINE#         272
  C:02B5H         LINE#         273
  C:02B7H         LINE#         274
  C:02B9H         LINE#         277
  C:02BBH         LINE#         282
  C:02BDH         LINE#         283
  C:02BEH         LINE#         288
  C:02C0H         LINE#         290
  C:02C2H         LINE#         291
  C:02C4H         LINE#         293
  C:02C7H         LINE#         294
  C:02CAH         LINE#         296
  C:02CCH         LINE#         297
  C:02CEH         LINE#         298
  C:02CFH         LINE#         301
  C:02D2H         LINE#         302
  C:02D5H         LINE#         303
  C:02D7H         LINE#         306
  C:02DAH         LINE#         307
  C:02DDH         LINE#         308
  C:02DFH         LINE#         311
  C:02E2H         LINE#         312
  C:02E5H         LINE#         313
  C:02E8H         LINE#         314
  C:02EAH         LINE#         317
  C:02ECH         LINE#         320
  C:02EEH         LINE#         321
  C:02EFH         LINE#         326
  C:02F1H         LINE#         328
BL51 BANKED LINKER/LOCATER V6.22                                                      11/15/2017  18:41:38  PAGE 20


  C:02F3H         LINE#         329
  C:02F5H         LINE#         332
  C:02F7H         LINE#         333
  C:02F9H         LINE#         334
  C:02FAH         LINE#         337
  C:02FDH         LINE#         338
  C:0300H         LINE#         339
  C:0302H         LINE#         340
  C:0304H         LINE#         343
  C:0307H         LINE#         344
  C:030AH         LINE#         345
  C:030CH         LINE#         346
  C:030EH         LINE#         349
  C:0311H         LINE#         350
  C:0314H         LINE#         351
  C:0316H         LINE#         352
  C:0318H         LINE#         355
  C:031AH         LINE#         358
  C:031CH         LINE#         359
  C:031DH         LINE#         366
  C:031FH         LINE#         367
  C:0321H         LINE#         368
  C:0323H         LINE#         369
  C:0325H         LINE#         370
  C:0326H         LINE#         371
  C:0328H         LINE#         373
  C:032BH         LINE#         374
  C:032DH         LINE#         378
  C:0330H         LINE#         379
  C:0333H         LINE#         380
  C:0335H         LINE#         381
  C:0337H         LINE#         384
  C:033AH         LINE#         385
  C:033DH         LINE#         386
  C:033FH         LINE#         387
  C:0341H         LINE#         390
  C:0344H         LINE#         391
  C:0347H         LINE#         392
  C:0349H         LINE#         393
  C:034BH         LINE#         396
  C:034EH         LINE#         397
  C:0350H         LINE#         398
  C:0352H         LINE#         401
  C:0355H         LINE#         402
  C:0358H         LINE#         403
  C:035BH         LINE#         404
  C:035DH         LINE#         405
  C:035FH         LINE#         408
  C:0360H         LINE#         409
  C:0362H         LINE#         410
  C:0363H         LINE#         411
  C:0365H         LINE#         413
  C:0368H         LINE#         415
  C:036AH         LINE#         416
  C:036BH         LINE#         417
  C:036DH         LINE#         418
  C:0370H         LINE#         419
BL51 BANKED LINKER/LOCATER V6.22                                                      11/15/2017  18:41:38  PAGE 21


  C:0371H         LINE#         420
  C:0373H         LINE#         421
  C:0375H         LINE#         425
  C:0378H         LINE#         426
  C:037BH         LINE#         427
  C:037DH         LINE#         428
  C:037FH         LINE#         433
  C:0382H         LINE#         434
  C:0384H         LINE#         439
  C:0386H         LINE#         440
  C:0388H         LINE#         441
  C:0389H         LINE#         449
  C:038BH         LINE#         450
  C:038DH         LINE#         451
  C:038FH         LINE#         452
  C:0392H         LINE#         454
  C:0394H         LINE#         455
  C:0396H         LINE#         456
  C:0397H         LINE#         457
  C:0399H         LINE#         458
  C:039CH         LINE#         459
  C:039EH         LINE#         460
  C:03A0H         LINE#         461
  C:03A3H         LINE#         462
  C:03A5H         LINE#         463
  C:03A6H         LINE#         466
  C:03A9H         LINE#         467
  C:03AAH         LINE#         473
  C:03ACH         LINE#         474
  C:03AEH         LINE#         475
  C:03B0H         LINE#         476
  C:03B3H         LINE#         478
  C:03B5H         LINE#         479
  C:03B7H         LINE#         480
  C:03B8H         LINE#         481
  C:03BAH         LINE#         482
  C:03BDH         LINE#         483
  C:03BFH         LINE#         484
  C:03C1H         LINE#         485
  C:03C4H         LINE#         486
  C:03C6H         LINE#         487
  C:03C7H         LINE#         490
  C:03CAH         LINE#         491
  C:03CBH         LINE#         499
  C:03CDH         LINE#         500
  C:03CFH         LINE#         501
  C:03D1H         LINE#         502
  C:03D4H         LINE#         504
  C:03D6H         LINE#         505
  C:03D8H         LINE#         506
  C:03D9H         LINE#         507
  C:03DBH         LINE#         508
  C:03DEH         LINE#         509
  C:03E0H         LINE#         510
  C:03E2H         LINE#         511
  C:03E5H         LINE#         512
  C:03E7H         LINE#         513
BL51 BANKED LINKER/LOCATER V6.22                                                      11/15/2017  18:41:38  PAGE 22


  C:03E8H         LINE#         516
  C:03EBH         LINE#         517
  -------         ENDMOD        HOMEWORK

  -------         MODULE        PASSWORD
  C:0993H         SEGMENT       PASSWORD
  C:09C9H         PUBLIC        PASSWORD_KEYEVENT
  C:0993H         PUBLIC        PASSWORD_MAIN
  B:00D0H.6       SYMBOL        AC
  D:00E0H         SYMBOL        ACC
  B:00C0H.1       SYMBOL        ACK
  B:00C0H.3       SYMBOL        ACKRQ
  B:00E8H.4       SYMBOL        AD0BUSY
  B:00E8H.0       SYMBOL        AD0CM0
  B:00E8H.1       SYMBOL        AD0CM1
  B:00E8H.2       SYMBOL        AD0CM2
  B:00E8H.7       SYMBOL        AD0EN
  B:00E8H.5       SYMBOL        AD0INT
  B:00E8H.6       SYMBOL        AD0TM
  B:00E8H.3       SYMBOL        AD0WINT
  D:00BCH         SYMBOL        ADC0CF
  D:00E8H         SYMBOL        ADC0CN
  D:00C4H         SYMBOL        ADC0GTH
  D:00C3H         SYMBOL        ADC0GTL
  D:00BEH         SYMBOL        ADC0H
  D:00BDH         SYMBOL        ADC0L
  D:00C6H         SYMBOL        ADC0LTH
  D:00C5H         SYMBOL        ADC0LTL
  D:00BAH         SYMBOL        AMX0N
  D:00BBH         SYMBOL        AMX0P
  B:00C0H.2       SYMBOL        ARBLOST
  D:00F0H         SYMBOL        B
  N:0014H         SYMBOL        BEEP_COUNT
  N:0012H         SYMBOL        BEEP_STATE
  N:0013H         SYMBOL        BEEP_TOTAL
  N:0075H         SYMBOL        CALCULATE_1
  N:0074H         SYMBOL        CALCULATE_2
  N:0076H         SYMBOL        CALCULATE_NUM
  B:0028H.0       SYMBOL        CAL_STATE1
  B:0028H.1       SYMBOL        CAL_STATE2
  B:0028H.2       SYMBOL        CAL_STATE3
  B:00D8H.0       SYMBOL        CCF0
  B:00D8H.1       SYMBOL        CCF1
  B:00D8H.2       SYMBOL        CCF2
  B:00D8H.3       SYMBOL        CCF3
  B:00D8H.4       SYMBOL        CCF4
  B:00D8H.7       SYMBOL        CF
  D:008EH         SYMBOL        CKCON
  D:00A9H         SYMBOL        CLKSEL
  D:009BH         SYMBOL        CPT0CN
  D:009DH         SYMBOL        CPT0MD
  D:009FH         SYMBOL        CPT0MX
  D:009AH         SYMBOL        CPT1CN
  D:009CH         SYMBOL        CPT1MD
  D:009EH         SYMBOL        CPT1MX
  B:00D8H.6       SYMBOL        CR
  B:00D0H.7       SYMBOL        CY
BL51 BANKED LINKER/LOCATER V6.22                                                      11/15/2017  18:41:38  PAGE 23


  N:0026H         SYMBOL        DIGITS_LASTSTATE
  B:0026H.0       SYMBOL        DIGITS_LASTSTATE0
  B:0026H.7       SYMBOL        DIGITS_LASTSTATE7
  N:0024H         SYMBOL        DIGITS_STATE
  B:0024H.7       SYMBOL        DIGITS_STATE0
  B:0024H.0       SYMBOL        DIGITS_STATE7
  D:0083H         SYMBOL        DPH
  D:0082H         SYMBOL        DPL
  B:00A8H.7       SYMBOL        EA
  D:00E6H         SYMBOL        EIE1
  D:00F6H         SYMBOL        EIP1
  D:00AAH         SYMBOL        EMI0CN
  B:00A8H.4       SYMBOL        ES0
  B:00A8H.6       SYMBOL        ESPI0
  B:00A8H.1       SYMBOL        ET0
  B:00A8H.3       SYMBOL        ET1
  B:00A8H.5       SYMBOL        ET2
  B:00A8H.0       SYMBOL        EX0
  B:00A8H.2       SYMBOL        EX1
  B:00D0H.5       SYMBOL        F0
  B:00D0H.1       SYMBOL        F1
  C:0A42H         SYMBOL        FAIL
  C:0A4DH         SYMBOL        FINISHKEY
  D:00B5H         SYMBOL        FLACL
  D:00B7H         SYMBOL        FLKEY
  D:00B6H         SYMBOL        FLSCL
  N:0011H         SYMBOL        G_DIGIT1
  N:0010H         SYMBOL        G_DIGIT2
  N:0025H         SYMBOL        G_DIGITSTATE
  B:0025H.7       SYMBOL        G_DIGITSTATE0
  B:0025H.0       SYMBOL        G_DIGITSTATE7
  B:0020H.0       SYMBOL        G_LED1
  B:0020H.1       SYMBOL        G_LED2
  B:0020H.2       SYMBOL        G_LED3
  B:0020H.3       SYMBOL        G_LED4
  B:0020H.4       SYMBOL        G_LED5
  B:0020H.5       SYMBOL        G_LED6
  B:0020H.6       SYMBOL        G_LED7
  B:0020H.7       SYMBOL        G_LED8
  N:0020H         SYMBOL        G_LEDS
  N:007BH         SYMBOL        HOMEWORK_COUNT
  N:0077H         SYMBOL        HOMEWORK_SECOND
  N:007AH         SYMBOL        HOMEWORK_SECOND1
  N:0079H         SYMBOL        HOMEWORK_SECOND2
  N:0078H         SYMBOL        HOMEWORK_SECOND3
  N:0027H         SYMBOL        HOMEWORK_STATE
  B:0027H.7       SYMBOL        HOMEWORK_STATE0
  B:0027H.0       SYMBOL        HOMEWORK_STATE7
  D:00A8H         SYMBOL        IE
  B:0088H.1       SYMBOL        IE0
  B:0088H.3       SYMBOL        IE1
  B:0022H.3       SYMBOL        INIT_BEEP
  B:0023H.2       SYMBOL        INIT_DIGITS
  B:0022H.0       SYMBOL        INIT_KEBEEP
  B:0023H.1       SYMBOL        INIT_KEDIGITS
  B:0022H.1       SYMBOL        INIT_KEKEYS
  B:0021H.1       SYMBOL        INIT_KELED
BL51 BANKED LINKER/LOCATER V6.22                                                      11/15/2017  18:41:38  PAGE 24


  B:0022H.6       SYMBOL        INIT_KELEDS
  B:0022H.5       SYMBOL        INIT_KETIMER2
  B:0023H.0       SYMBOL        INIT_KEYS
  B:0022H.2       SYMBOL        INIT_LED
  B:0022H.7       SYMBOL        INIT_LEDS
  B:0022H.4       SYMBOL        INIT_TIMER
  B:0021H.0       SYMBOL        INT_C_OLD
  C:09B7H         SYMBOL        INVALID
  C:09C4H         SYMBOL        INVALID2
  D:00B8H         SYMBOL        IP
  C:09ACH         SYMBOL        ISVALID
  C:09BCH         SYMBOL        ISVALID2
  B:0088H.0       SYMBOL        IT0
  D:00E4H         SYMBOL        IT01CF
  B:0088H.2       SYMBOL        IT1
  N:0015H         SYMBOL        KEYS_LASTCODE
  N:0016H         SYMBOL        LEDS_PATTERN
  B:00C0H.7       SYMBOL        MASTER
  B:0098H.5       SYMBOL        MCE0
  B:00F8H.5       SYMBOL        MODF
  B:00F8H.2       SYMBOL        NSSMD0
  B:00F8H.3       SYMBOL        NSSMD1
  D:00B3H         SYMBOL        OSCICL
  D:00B2H         SYMBOL        OSCICN
  D:00B1H         SYMBOL        OSCXCN
  B:00D0H.2       SYMBOL        OV
  B:00D0H.0       SYMBOL        P
  D:0080H         SYMBOL        P0
  D:00F1H         SYMBOL        P0MDIN
  D:00A4H         SYMBOL        P0MDOUT
  D:00D4H         SYMBOL        P0SKIP
  D:0090H         SYMBOL        P1
  D:00F2H         SYMBOL        P1MDIN
  D:00A5H         SYMBOL        P1MDOUT
  D:00D5H         SYMBOL        P1SKIP
  D:00A0H         SYMBOL        P2
  D:00F3H         SYMBOL        P2MDIN
  D:00A6H         SYMBOL        P2MDOUT
  D:00D6H         SYMBOL        P2SKIP
  D:00B0H         SYMBOL        P3
  D:00F4H         SYMBOL        P3MDIN
  D:00A7H         SYMBOL        P3MDOUT
  N:007DH         SYMBOL        PASSWORD_PSW1
  N:007CH         SYMBOL        PASSWORD_PSW2
  N:007EH         SYMBOL        PASSWORD_STATE
  D:00D8H         SYMBOL        PCA0CN
  D:00FCH         SYMBOL        PCA0CPH0
  D:00EAH         SYMBOL        PCA0CPH1
  D:00ECH         SYMBOL        PCA0CPH2
  D:00EEH         SYMBOL        PCA0CPH3
  D:00FEH         SYMBOL        PCA0CPH4
  D:00FBH         SYMBOL        PCA0CPL0
  D:00E9H         SYMBOL        PCA0CPL1
  D:00EBH         SYMBOL        PCA0CPL2
  D:00EDH         SYMBOL        PCA0CPL3
  D:00FDH         SYMBOL        PCA0CPL4
  D:00DAH         SYMBOL        PCA0CPM0
BL51 BANKED LINKER/LOCATER V6.22                                                      11/15/2017  18:41:38  PAGE 25


  D:00DBH         SYMBOL        PCA0CPM1
  D:00DCH         SYMBOL        PCA0CPM2
  D:00DDH         SYMBOL        PCA0CPM3
  D:00DEH         SYMBOL        PCA0CPM4
  D:00FAH         SYMBOL        PCA0H
  D:00F9H         SYMBOL        PCA0L
  D:00D9H         SYMBOL        PCA0MD
  D:0087H         SYMBOL        PCON
  B:00B8H.4       SYMBOL        PS0
  D:008FH         SYMBOL        PSCTL
  B:00B8H.6       SYMBOL        PSPI0
  D:00D0H         SYMBOL        PSW
  B:00B8H.1       SYMBOL        PT0
  B:00B8H.3       SYMBOL        PT1
  B:00B8H.5       SYMBOL        PT2
  B:00B8H.0       SYMBOL        PX0
  B:00B8H.2       SYMBOL        PX1
  B:0098H.2       SYMBOL        RB80
  D:00D1H         SYMBOL        REF0CN
  B:0098H.4       SYMBOL        REN0
  B:0098H.0       SYMBOL        RI0
  B:00D0H.3       SYMBOL        RS0
  B:00D0H.4       SYMBOL        RS1
  D:00EFH         SYMBOL        RSTSRC
  B:00F8H.4       SYMBOL        RXOVRN
  B:0098H.7       SYMBOL        S0MODE
  D:0099H         SYMBOL        SBUF0
  D:0098H         SYMBOL        SCON0
  B:00C0H.0       SYMBOL        SI
  D:00C1H         SYMBOL        SMB0CF
  D:00C0H         SYMBOL        SMB0CN
  D:00C2H         SYMBOL        SMB0DAT
  D:0081H         SYMBOL        SP
  D:00A1H         SYMBOL        SPI0CFG
  D:00A2H         SYMBOL        SPI0CKR
  D:00F8H         SYMBOL        SPI0CN
  D:00A3H         SYMBOL        SPI0DAT
  B:00F8H.0       SYMBOL        SPIEN
  B:00F8H.7       SYMBOL        SPIF
  B:00C0H.5       SYMBOL        STA
  C:09CDH         SYMBOL        STATE0
  C:09E6H         SYMBOL        STATE1
  C:0A01H         SYMBOL        STATE2
  C:0A1AH         SYMBOL        STATE3
  C:0A4DH         SYMBOL        STATE4
  B:00C0H.4       SYMBOL        STO
  B:00C8H.3       SYMBOL        T2SPLIT
  B:00C8H.0       SYMBOL        T2XCLK
  B:0098H.3       SYMBOL        TB80
  D:0088H         SYMBOL        TCON
  N:007FH         SYMBOL        TEST3_MAINSTATE
  B:0088H.5       SYMBOL        TF0
  B:0088H.7       SYMBOL        TF1
  B:00C8H.7       SYMBOL        TF2H
  B:00C8H.6       SYMBOL        TF2L
  B:00C8H.5       SYMBOL        TF2LEN
  D:008CH         SYMBOL        TH0
BL51 BANKED LINKER/LOCATER V6.22                                                      11/15/2017  18:41:38  PAGE 26


  D:008DH         SYMBOL        TH1
  B:0098H.1       SYMBOL        TI0
  N:0018H         SYMBOL        TIMER_CNT1
  N:001FH         SYMBOL        TIMER_CNT8
  N:0017H         SYMBOL        TIMER_CTRL
  D:008AH         SYMBOL        TL0
  D:008BH         SYMBOL        TL1
  D:0089H         SYMBOL        TMOD
  D:00C8H         SYMBOL        TMR2CN
  D:00CDH         SYMBOL        TMR2H
  D:00CCH         SYMBOL        TMR2L
  D:00CBH         SYMBOL        TMR2RLH
  D:00CAH         SYMBOL        TMR2RLL
  D:0091H         SYMBOL        TMR3CN
  D:0095H         SYMBOL        TMR3H
  D:0094H         SYMBOL        TMR3L
  D:0093H         SYMBOL        TMR3RLH
  D:0092H         SYMBOL        TMR3RLL
  B:0088H.4       SYMBOL        TR0
  B:0088H.6       SYMBOL        TR1
  B:00C8H.2       SYMBOL        TR2
  B:00F8H.1       SYMBOL        TXBMT
  B:00C0H.6       SYMBOL        TXMODE
  D:00FFH         SYMBOL        VDM0CN
  B:00F8H.6       SYMBOL        WCOL
  D:00E1H         SYMBOL        XBR0
  D:00E2H         SYMBOL        XBR1
  C:0993H         LINE#         20
  C:0996H         LINE#         21
  C:0999H         LINE#         22
  C:099CH         LINE#         23
  C:099FH         LINE#         25
  C:09A2H         LINE#         26
  C:09A5H         LINE#         27
  C:09A8H         LINE#         28
  C:09ABH         LINE#         30
  C:09ACH         LINE#         41
  C:09AEH         LINE#         42
  C:09AFH         LINE#         43
  C:09B1H         LINE#         44
  C:09B3H         LINE#         45
  C:09B6H         LINE#         46
  C:09B7H         LINE#         48
  C:09BAH         LINE#         49
  C:09BBH         LINE#         50
  C:09BCH         LINE#         53
  C:09BEH         LINE#         54
  C:09BFH         LINE#         55
  C:09C1H         LINE#         56
  C:09C3H         LINE#         58
  C:09C4H         LINE#         60
  C:09C7H         LINE#         61
  C:09C8H         LINE#         62
  C:09C9H         LINE#         70
  C:09CBH         LINE#         72
  C:09CDH         LINE#         75
  C:09D0H         LINE#         76
BL51 BANKED LINKER/LOCATER V6.22                                                      11/15/2017  18:41:38  PAGE 27


  C:09D3H         LINE#         77
  C:09D5H         LINE#         78
  C:09D8H         LINE#         79
  C:09DBH         LINE#         80
  C:09DEH         LINE#         81
  C:09E1H         LINE#         82
  C:09E4H         LINE#         83
  C:09E6H         LINE#         86
  C:09E9H         LINE#         87
  C:09ECH         LINE#         88
  C:09EEH         LINE#         89
  C:09F0H         LINE#         90
  C:09F1H         LINE#         91
  C:09F3H         LINE#         92
  C:09F6H         LINE#         93
  C:09F9H         LINE#         94
  C:09FCH         LINE#         95
  C:09FFH         LINE#         96
  C:0A01H         LINE#         99
  C:0A04H         LINE#         100
  C:0A07H         LINE#         101
  C:0A09H         LINE#         102
  C:0A0CH         LINE#         103
  C:0A0FH         LINE#         104
  C:0A12H         LINE#         105
  C:0A15H         LINE#         106
  C:0A18H         LINE#         107
  C:0A1AH         LINE#         110
  C:0A1DH         LINE#         111
  C:0A20H         LINE#         112
  C:0A22H         LINE#         113
  C:0A24H         LINE#         114
  C:0A25H         LINE#         115
  C:0A27H         LINE#         116
  C:0A2AH         LINE#         117
  C:0A2DH         LINE#         118
  C:0A2FH         LINE#         119
  C:0A32H         LINE#         120
  C:0A34H         LINE#         121
  C:0A37H         LINE#         122
  C:0A3AH         LINE#         123
  C:0A3DH         LINE#         124
  C:0A40H         LINE#         125
  C:0A42H         LINE#         127
  C:0A45H         LINE#         128
  C:0A48H         LINE#         129
  C:0A4BH         LINE#         130
  C:0A4DH         LINE#         135
  C:0A4FH         LINE#         137
  -------         ENDMOD        PASSWORD

  -------         MODULE        CAL
  C:0569H         SEGMENT       CAL3
  C:0582H         PUBLIC        CAL_KEYEVENT
  C:0569H         PUBLIC        CAL_MAIN
  B:00D0H.6       SYMBOL        AC
  D:00E0H         SYMBOL        ACC
BL51 BANKED LINKER/LOCATER V6.22                                                      11/15/2017  18:41:38  PAGE 28


  B:00C0H.1       SYMBOL        ACK
  B:00C0H.3       SYMBOL        ACKRQ
  B:00E8H.4       SYMBOL        AD0BUSY
  B:00E8H.0       SYMBOL        AD0CM0
  B:00E8H.1       SYMBOL        AD0CM1
  B:00E8H.2       SYMBOL        AD0CM2
  B:00E8H.7       SYMBOL        AD0EN
  B:00E8H.5       SYMBOL        AD0INT
  B:00E8H.6       SYMBOL        AD0TM
  B:00E8H.3       SYMBOL        AD0WINT
  D:00BCH         SYMBOL        ADC0CF
  D:00E8H         SYMBOL        ADC0CN
  D:00C4H         SYMBOL        ADC0GTH
  D:00C3H         SYMBOL        ADC0GTL
  D:00BEH         SYMBOL        ADC0H
  D:00BDH         SYMBOL        ADC0L
  D:00C6H         SYMBOL        ADC0LTH
  D:00C5H         SYMBOL        ADC0LTL
  C:064EH         SYMBOL        ADDD
  D:00BAH         SYMBOL        AMX0N
  D:00BBH         SYMBOL        AMX0P
  B:00C0H.2       SYMBOL        ARBLOST
  D:00F0H         SYMBOL        B
  N:0014H         SYMBOL        BEEP_COUNT
  N:0012H         SYMBOL        BEEP_STATE
  N:0013H         SYMBOL        BEEP_TOTAL
  C:05ABH         SYMBOL        CALCU
  N:0075H         SYMBOL        CALCULATE_1
  N:0074H         SYMBOL        CALCULATE_2
  N:0076H         SYMBOL        CALCULATE_NUM
  B:0028H.0       SYMBOL        CAL_STATE1
  B:0028H.1       SYMBOL        CAL_STATE2
  B:0028H.2       SYMBOL        CAL_STATE3
  B:00D8H.0       SYMBOL        CCF0
  B:00D8H.1       SYMBOL        CCF1
  B:00D8H.2       SYMBOL        CCF2
  B:00D8H.3       SYMBOL        CCF3
  B:00D8H.4       SYMBOL        CCF4
  B:00D8H.7       SYMBOL        CF
  D:008EH         SYMBOL        CKCON
  D:00A9H         SYMBOL        CLKSEL
  D:009BH         SYMBOL        CPT0CN
  D:009DH         SYMBOL        CPT0MD
  D:009FH         SYMBOL        CPT0MX
  D:009AH         SYMBOL        CPT1CN
  D:009CH         SYMBOL        CPT1MD
  D:009EH         SYMBOL        CPT1MX
  B:00D8H.6       SYMBOL        CR
  B:00D0H.7       SYMBOL        CY
  C:063FH         SYMBOL        DENGYU
  C:05C0H         SYMBOL        DIGIT1
  C:05D0H         SYMBOL        DIGIT2
  C:05E3H         SYMBOL        DIGIT3
  N:0026H         SYMBOL        DIGITS_LASTSTATE
  B:0026H.0       SYMBOL        DIGITS_LASTSTATE0
  B:0026H.7       SYMBOL        DIGITS_LASTSTATE7
  N:0024H         SYMBOL        DIGITS_STATE
BL51 BANKED LINKER/LOCATER V6.22                                                      11/15/2017  18:41:38  PAGE 29


  B:0024H.7       SYMBOL        DIGITS_STATE0
  B:0024H.0       SYMBOL        DIGITS_STATE7
  D:0083H         SYMBOL        DPH
  D:0082H         SYMBOL        DPL
  B:00A8H.7       SYMBOL        EA
  D:00E6H         SYMBOL        EIE1
  D:00F6H         SYMBOL        EIP1
  D:00AAH         SYMBOL        EMI0CN
  C:0686H         SYMBOL        END2
  B:00A8H.4       SYMBOL        ES0
  B:00A8H.6       SYMBOL        ESPI0
  B:00A8H.1       SYMBOL        ET0
  B:00A8H.3       SYMBOL        ET1
  B:00A8H.5       SYMBOL        ET2
  B:00A8H.0       SYMBOL        EX0
  B:00A8H.2       SYMBOL        EX1
  B:00D0H.5       SYMBOL        F0
  B:00D0H.1       SYMBOL        F1
  D:00B5H         SYMBOL        FLACL
  D:00B7H         SYMBOL        FLKEY
  D:00B6H         SYMBOL        FLSCL
  N:0011H         SYMBOL        G_DIGIT1
  N:0010H         SYMBOL        G_DIGIT2
  N:0025H         SYMBOL        G_DIGITSTATE
  B:0025H.7       SYMBOL        G_DIGITSTATE0
  B:0025H.0       SYMBOL        G_DIGITSTATE7
  B:0020H.0       SYMBOL        G_LED1
  B:0020H.1       SYMBOL        G_LED2
  B:0020H.2       SYMBOL        G_LED3
  B:0020H.3       SYMBOL        G_LED4
  B:0020H.4       SYMBOL        G_LED5
  B:0020H.5       SYMBOL        G_LED6
  B:0020H.6       SYMBOL        G_LED7
  B:0020H.7       SYMBOL        G_LED8
  N:0020H         SYMBOL        G_LEDS
  N:007BH         SYMBOL        HOMEWORK_COUNT
  N:0077H         SYMBOL        HOMEWORK_SECOND
  N:007AH         SYMBOL        HOMEWORK_SECOND1
  N:0079H         SYMBOL        HOMEWORK_SECOND2
  N:0078H         SYMBOL        HOMEWORK_SECOND3
  N:0027H         SYMBOL        HOMEWORK_STATE
  B:0027H.7       SYMBOL        HOMEWORK_STATE0
  B:0027H.0       SYMBOL        HOMEWORK_STATE7
  D:00A8H         SYMBOL        IE
  B:0088H.1       SYMBOL        IE0
  B:0088H.3       SYMBOL        IE1
  B:0022H.3       SYMBOL        INIT_BEEP
  B:0023H.2       SYMBOL        INIT_DIGITS
  B:0022H.0       SYMBOL        INIT_KEBEEP
  B:0023H.1       SYMBOL        INIT_KEDIGITS
  B:0022H.1       SYMBOL        INIT_KEKEYS
  B:0021H.1       SYMBOL        INIT_KELED
  B:0022H.6       SYMBOL        INIT_KELEDS
  B:0022H.5       SYMBOL        INIT_KETIMER2
  B:0023H.0       SYMBOL        INIT_KEYS
  B:0022H.2       SYMBOL        INIT_LED
  B:0022H.7       SYMBOL        INIT_LEDS
BL51 BANKED LINKER/LOCATER V6.22                                                      11/15/2017  18:41:38  PAGE 30


  B:0022H.4       SYMBOL        INIT_TIMER
  B:0021H.0       SYMBOL        INT_C_OLD
  D:00B8H         SYMBOL        IP
  B:0088H.0       SYMBOL        IT0
  D:00E4H         SYMBOL        IT01CF
  B:0088H.2       SYMBOL        IT1
  C:064BH         SYMBOL        JUDGE
  C:05FCH         SYMBOL        JUMPONE
  N:0015H         SYMBOL        KEYS_LASTCODE
  N:0016H         SYMBOL        LEDS_PATTERN
  B:00C0H.7       SYMBOL        MASTER
  B:0098H.5       SYMBOL        MCE0
  B:00F8H.5       SYMBOL        MODF
  C:05B1H         SYMBOL        NEXT
  C:05FFH         SYMBOL        NEXT2
  B:00F8H.2       SYMBOL        NSSMD0
  B:00F8H.3       SYMBOL        NSSMD1
  D:00B3H         SYMBOL        OSCICL
  D:00B2H         SYMBOL        OSCICN
  D:00B1H         SYMBOL        OSCXCN
  C:0672H         SYMBOL        OUTLED
  B:00D0H.2       SYMBOL        OV
  B:00D0H.0       SYMBOL        P
  D:0080H         SYMBOL        P0
  D:00F1H         SYMBOL        P0MDIN
  D:00A4H         SYMBOL        P0MDOUT
  D:00D4H         SYMBOL        P0SKIP
  D:0090H         SYMBOL        P1
  D:00F2H         SYMBOL        P1MDIN
  D:00A5H         SYMBOL        P1MDOUT
  D:00D5H         SYMBOL        P1SKIP
  D:00A0H         SYMBOL        P2
  D:00F3H         SYMBOL        P2MDIN
  D:00A6H         SYMBOL        P2MDOUT
  D:00D6H         SYMBOL        P2SKIP
  D:00B0H         SYMBOL        P3
  D:00F4H         SYMBOL        P3MDIN
  D:00A7H         SYMBOL        P3MDOUT
  N:007DH         SYMBOL        PASSWORD_PSW1
  N:007CH         SYMBOL        PASSWORD_PSW2
  N:007EH         SYMBOL        PASSWORD_STATE
  D:00D8H         SYMBOL        PCA0CN
  D:00FCH         SYMBOL        PCA0CPH0
  D:00EAH         SYMBOL        PCA0CPH1
  D:00ECH         SYMBOL        PCA0CPH2
  D:00EEH         SYMBOL        PCA0CPH3
  D:00FEH         SYMBOL        PCA0CPH4
  D:00FBH         SYMBOL        PCA0CPL0
  D:00E9H         SYMBOL        PCA0CPL1
  D:00EBH         SYMBOL        PCA0CPL2
  D:00EDH         SYMBOL        PCA0CPL3
  D:00FDH         SYMBOL        PCA0CPL4
  D:00DAH         SYMBOL        PCA0CPM0
  D:00DBH         SYMBOL        PCA0CPM1
  D:00DCH         SYMBOL        PCA0CPM2
  D:00DDH         SYMBOL        PCA0CPM3
  D:00DEH         SYMBOL        PCA0CPM4
BL51 BANKED LINKER/LOCATER V6.22                                                      11/15/2017  18:41:38  PAGE 31


  D:00FAH         SYMBOL        PCA0H
  D:00F9H         SYMBOL        PCA0L
  D:00D9H         SYMBOL        PCA0MD
  D:0087H         SYMBOL        PCON
  B:00B8H.4       SYMBOL        PS0
  D:008FH         SYMBOL        PSCTL
  B:00B8H.6       SYMBOL        PSPI0
  D:00D0H         SYMBOL        PSW
  B:00B8H.1       SYMBOL        PT0
  B:00B8H.3       SYMBOL        PT1
  B:00B8H.5       SYMBOL        PT2
  B:00B8H.0       SYMBOL        PX0
  B:00B8H.2       SYMBOL        PX1
  B:0098H.2       SYMBOL        RB80
  D:00D1H         SYMBOL        REF0CN
  B:0098H.4       SYMBOL        REN0
  B:0098H.0       SYMBOL        RI0
  B:00D0H.3       SYMBOL        RS0
  B:00D0H.4       SYMBOL        RS1
  D:00EFH         SYMBOL        RSTSRC
  B:00F8H.4       SYMBOL        RXOVRN
  B:0098H.7       SYMBOL        S0MODE
  D:0099H         SYMBOL        SBUF0
  D:0098H         SYMBOL        SCON0
  B:00C0H.0       SYMBOL        SI
  D:00C1H         SYMBOL        SMB0CF
  D:00C0H         SYMBOL        SMB0CN
  D:00C2H         SYMBOL        SMB0DAT
  D:0081H         SYMBOL        SP
  D:00A1H         SYMBOL        SPI0CFG
  D:00A2H         SYMBOL        SPI0CKR
  D:00F8H         SYMBOL        SPI0CN
  D:00A3H         SYMBOL        SPI0DAT
  B:00F8H.0       SYMBOL        SPIEN
  B:00F8H.7       SYMBOL        SPIF
  B:00C0H.5       SYMBOL        STA
  B:00C0H.4       SYMBOL        STO
  C:066FH         SYMBOL        SUBBB
  C:061FH         SYMBOL        SUBBSTATE
  B:00C8H.3       SYMBOL        T2SPLIT
  B:00C8H.0       SYMBOL        T2XCLK
  B:0098H.3       SYMBOL        TB80
  D:0088H         SYMBOL        TCON
  N:007FH         SYMBOL        TEST3_MAINSTATE
  B:0088H.5       SYMBOL        TF0
  B:0088H.7       SYMBOL        TF1
  B:00C8H.7       SYMBOL        TF2H
  B:00C8H.6       SYMBOL        TF2L
  B:00C8H.5       SYMBOL        TF2LEN
  D:008CH         SYMBOL        TH0
  D:008DH         SYMBOL        TH1
  B:0098H.1       SYMBOL        TI0
  N:0018H         SYMBOL        TIMER_CNT1
  N:001FH         SYMBOL        TIMER_CNT8
  N:0017H         SYMBOL        TIMER_CTRL
  D:008AH         SYMBOL        TL0
  D:008BH         SYMBOL        TL1
BL51 BANKED LINKER/LOCATER V6.22                                                      11/15/2017  18:41:38  PAGE 32


  D:0089H         SYMBOL        TMOD
  D:00C8H         SYMBOL        TMR2CN
  D:00CDH         SYMBOL        TMR2H
  D:00CCH         SYMBOL        TMR2L
  D:00CBH         SYMBOL        TMR2RLH
  D:00CAH         SYMBOL        TMR2RLL
  D:0091H         SYMBOL        TMR3CN
  D:0095H         SYMBOL        TMR3H
  D:0094H         SYMBOL        TMR3L
  D:0093H         SYMBOL        TMR3RLH
  D:0092H         SYMBOL        TMR3RLL
  B:0088H.4       SYMBOL        TR0
  B:0088H.6       SYMBOL        TR1
  B:00C8H.2       SYMBOL        TR2
  B:00F8H.1       SYMBOL        TXBMT
  B:00C0H.6       SYMBOL        TXMODE
  D:00FFH         SYMBOL        VDM0CN
  B:00F8H.6       SYMBOL        WCOL
  C:0683H         SYMBOL        WRONG
  D:00E1H         SYMBOL        XBR0
  D:00E2H         SYMBOL        XBR1
  C:0569H         LINE#         14
  C:056CH         LINE#         15
  C:056FH         LINE#         16
  C:0572H         LINE#         17
  C:0575H         LINE#         18
  C:0578H         LINE#         19
  C:057BH         LINE#         20
  C:057DH         LINE#         21
  C:057FH         LINE#         22
  C:0581H         LINE#         23
  C:0582H         LINE#         26
  C:0584H         LINE#         27
  C:0586H         LINE#         28
  C:0588H         LINE#         29
  C:058AH         LINE#         30
  C:058CH         LINE#         31
  C:058EH         LINE#         32
  C:0590H         LINE#         33
  C:0592H         LINE#         34
  C:0594H         LINE#         35
  C:0597H         LINE#         36
  C:059AH         LINE#         37
  C:059DH         LINE#         38
  C:05A0H         LINE#         39
  C:05A3H         LINE#         40
  C:05A6H         LINE#         41
  C:05A9H         LINE#         42
  C:05ABH         LINE#         44
  C:05AEH         LINE#         45
  C:05B1H         LINE#         47
  C:05B3H         LINE#         48
  C:05B5H         LINE#         49
  C:05B6H         LINE#         50
  C:05B8H         LINE#         51
  C:05BAH         LINE#         52
  C:05BCH         LINE#         53
BL51 BANKED LINKER/LOCATER V6.22                                                      11/15/2017  18:41:38  PAGE 33


  C:05BDH         LINE#         54
  C:05BFH         LINE#         55
  C:05C0H         LINE#         57
  C:05C3H         LINE#         58
  C:05C6H         LINE#         59
  C:05C8H         LINE#         60
  C:05CAH         LINE#         61
  C:05CDH         LINE#         62
  C:05D0H         LINE#         64
  C:05D3H         LINE#         65
  C:05D6H         LINE#         66
  C:05D8H         LINE#         67
  C:05D9H         LINE#         68
  C:05DBH         LINE#         69
  C:05DDH         LINE#         70
  C:05E0H         LINE#         71
  C:05E3H         LINE#         73
  C:05E6H         LINE#         74
  C:05E8H         LINE#         75
  C:05EAH         LINE#         76
  C:05EBH         LINE#         77
  C:05EDH         LINE#         78
  C:05EFH         LINE#         79
  C:05F0H         LINE#         80
  C:05F2H         LINE#         81
  C:05F4H         LINE#         82
  C:05F6H         LINE#         83
  C:05F9H         LINE#         84
  C:05FCH         LINE#         86
  C:05FFH         LINE#         89
  C:0602H         LINE#         90
  C:0604H         LINE#         91
  C:0605H         LINE#         92
  C:0607H         LINE#         93
  C:0609H         LINE#         94
  C:060CH         LINE#         95
  C:060FH         LINE#         96
  C:0612H         LINE#         97
  C:0615H         LINE#         98
  C:0617H         LINE#         99
  C:0619H         LINE#         100
  C:061CH         LINE#         101
  C:061FH         LINE#         103
  C:0622H         LINE#         104
  C:0624H         LINE#         105
  C:0625H         LINE#         106
  C:0627H         LINE#         107
  C:0629H         LINE#         108
  C:062CH         LINE#         109
  C:062FH         LINE#         110
  C:0632H         LINE#         111
  C:0635H         LINE#         112
  C:0637H         LINE#         113
  C:0639H         LINE#         114
  C:063CH         LINE#         115
  C:063FH         LINE#         117
  C:0641H         LINE#         118
BL51 BANKED LINKER/LOCATER V6.22                                                      11/15/2017  18:41:38  PAGE 34


  C:0643H         LINE#         119
  C:0645H         LINE#         120
  C:0648H         LINE#         121
  C:064BH         LINE#         124
  C:064EH         LINE#         128
  C:0651H         LINE#         129
  C:0654H         LINE#         130
  C:0656H         LINE#         131
  C:0657H         LINE#         132
  C:0659H         LINE#         133
  C:065AH         LINE#         134
  C:065CH         LINE#         135
  C:065EH         LINE#         136
  C:0660H         LINE#         137
  C:0661H         LINE#         138
  C:0663H         LINE#         139
  C:0665H         LINE#         140
  C:0667H         LINE#         141
  C:0669H         LINE#         142
  C:066CH         LINE#         143
  C:066FH         LINE#         147
  C:0672H         LINE#         189
  C:0674H         LINE#         190
  C:0675H         LINE#         191
  C:0676H         LINE#         192
  C:0677H         LINE#         193
  C:0679H         LINE#         194
  C:067AH         LINE#         195
  C:067BH         LINE#         196
  C:067CH         LINE#         197
  C:067EH         LINE#         198
  C:0680H         LINE#         199
  C:0683H         LINE#         205
  C:0686H         LINE#         208
  C:0688H         LINE#         209
  C:068AH         LINE#         210
  C:068CH         LINE#         211
  C:068EH         LINE#         212
  -------         ENDMOD        CAL

  -------         MODULE        LED
  C:07C6H         SEGMENT       LED
  C:07C6H         PUBLIC        LED_INIT
  C:07D3H         PUBLIC        LED_OFF
  C:07CFH         PUBLIC        LED_ON
  C:07D7H         PUBLIC        LED_SWITCH
  N:0014H         SYMBOL        BEEP_COUNT
  N:0012H         SYMBOL        BEEP_STATE
[...]
  B:00B8H.1       SYMBOL        PT0
  B:00B8H.3       SYMBOL        PT1
  B:00B8H.5       SYMBOL        PT2
  B:00B8H.0       SYMBOL        PX0
  B:00B8H.2       SYMBOL        PX1
  B:0098H.2       SYMBOL        RB80
  D:00D1H         SYMBOL        REF0CN
  B:0098H.4       SYMBOL        REN0
  B:0098H.0       SYMBOL        RI0
  B:00D0H.3       SYMBOL        RS0
  B:00D0H.4       SYMBOL        RS1
  D:00EFH         SYMBOL        RSTSRC
  B:00F8H.4       SYMBOL        RXOVRN
  B:0098H.7       SYMBOL        S0MODE
  D:0099H         SYMBOL        SBUF0
  D:0098H         SYMBOL        SCON0
  B:00C0H.0       SYMBOL        SI
  D:00C1H         SYMBOL        SMB0CF
  D:00C0H         SYMBOL        SMB0CN
  D:00C2H         SYMBOL        SMB0DAT
  D:0081H         SYMBOL        SP
  D:00A1H         SYMBOL        SPI0CFG
  D:00A2H         SYMBOL        SPI0CKR
  D:00F8H         SYMBOL        SPI0CN
  D:00A3H         SYMBOL        SPI0DAT
  B:00F8H.0       SYMBOL        SPIEN
  B:00F8H.7       SYMBOL        SPIF
  B:00C0H.5       SYMBOL        STA
  B:00C0H.4       SYMBOL        STO
  B:00C8H.3       SYMBOL        T2SPLIT
  B:00C8H.0       SYMBOL        T2XCLK
  B:0098H.3       SYMBOL        TB80
  D:0088H         SYMBOL        TCON
  N:007FH         SYMBOL        TEST3_MAINSTATE
  B:0088H.5       SYMBOL        TF0
  B:0088H.7       SYMBOL        TF1
  B:00C8H.7       SYMBOL        TF2H
  B:00C8H.6       SYMBOL        TF2L
  B:00C8H.5       SYMBOL        TF2LEN
  D:008CH         SYMBOL        TH0
  D:008DH         SYMBOL        TH1
  B:0098H.1       SYMBOL        TI0
  N:0018H         SYMBOL        TIMER_CNT1
BL51 BANKED LINKER/LOCATER V6.22                                                      11/15/2017  18:41:38  PAGE 80


  N:001FH         SYMBOL        TIMER_CNT8
  N:0017H         SYMBOL        TIMER_CTRL
  D:008AH         SYMBOL        TL0
  D:008BH         SYMBOL        TL1
  D:0089H         SYMBOL        TMOD
  D:00C8H         SYMBOL        TMR2CN
  D:00CDH         SYMBOL        TMR2H
  D:00CCH         SYMBOL        TMR2L
  D:00CBH         SYMBOL        TMR2RLH
  D:00CAH         SYMBOL        TMR2RLL
  D:0091H         SYMBOL        TMR3CN
  D:0095H         SYMBOL        TMR3H
  D:0094H         SYMBOL        TMR3L
  D:0093H         SYMBOL        TMR3RLH
  D:0092H         SYMBOL        TMR3RLL
  B:0088H.4       SYMBOL        TR0
  B:0088H.6       SYMBOL        TR1
  B:00C8H.2       SYMBOL        TR2
  B:00F8H.1       SYMBOL        TXBMT
  B:00C0H.6       SYMBOL        TXMODE
  D:00FFH         SYMBOL        VDM0CN
  B:00F8H.6       SYMBOL        WCOL
  D:00E1H         SYMBOL        XBR0
  D:00E2H         SYMBOL        XBR1
  C:085DH         LINE#         22
  C:0860H         LINE#         23
  C:0862H         LINE#         24
  C:0865H         LINE#         25
  C:0867H         LINE#         27
  C:0868H         LINE#         32
  C:086AH         LINE#         33
  C:086CH         LINE#         34
  C:086EH         LINE#         35
  C:0870H         LINE#         36
  C:0872H         LINE#         37
  C:0874H         LINE#         39
  C:0876H         LINE#         40
  C:0878H         LINE#         41
  C:087AH         LINE#         42
  C:087CH         LINE#         43
  C:087EH         LINE#         44
  C:0880H         LINE#         46
  C:0882H         LINE#         47
  C:0884H         LINE#         48
  C:0886H         LINE#         49
  C:0888H         LINE#         50
  C:088AH         LINE#         51
  C:088CH         LINE#         53
  C:088EH         LINE#         54
  C:0890H         LINE#         55
  C:0892H         LINE#         56
  C:0894H         LINE#         57
  C:0896H         LINE#         58
  C:0898H         LINE#         60
  C:089AH         LINE#         61
  C:089CH         LINE#         62
  C:089EH         LINE#         63
BL51 BANKED LINKER/LOCATER V6.22                                                      11/15/2017  18:41:38  PAGE 81


  C:08A0H         LINE#         64
  C:08A2H         LINE#         65
  C:08A4H         LINE#         67
  C:08A6H         LINE#         68
  C:08A8H         LINE#         69
  C:08AAH         LINE#         70
  C:08ACH         LINE#         71
  C:08AEH         LINE#         72
  C:08B0H         LINE#         74
  C:08B2H         LINE#         75
  C:08B4H         LINE#         76
  C:08B6H         LINE#         77
  C:08B8H         LINE#         78
  C:08BAH         LINE#         79
  C:08BCH         LINE#         81
  C:08BEH         LINE#         82
  C:08C0H         LINE#         83
  C:08C2H         LINE#         84
  C:08C4H         LINE#         85
  C:08C6H         LINE#         86
  C:08C8H         LINE#         89
  C:08C9H         LINE#         93
  C:08CAH         LINE#         94
  C:08CBH         LINE#         96
  -------         ENDMOD        KELEDS

  -------         MODULE        KEDIGITS
  C:068FH         SEGMENT       KEDIGITS
  C:068FH         PUBLIC        KEDIGITS_INIT
  C:069EH         PUBLIC        KEDIGITS_OUTPUT
  B:00D0H.6       SYMBOL        AC
  D:00E0H         SYMBOL        ACC
  B:00C0H.1       SYMBOL        ACK
  B:00C0H.3       SYMBOL        ACKRQ
  B:00E8H.4       SYMBOL        AD0BUSY
  B:00E8H.0       SYMBOL        AD0CM0
  B:00E8H.1       SYMBOL        AD0CM1
  B:00E8H.2       SYMBOL        AD0CM2
  B:00E8H.7       SYMBOL        AD0EN
  B:00E8H.5       SYMBOL        AD0INT
  B:00E8H.6       SYMBOL        AD0TM
  B:00E8H.3       SYMBOL        AD0WINT
  D:00BCH         SYMBOL        ADC0CF
  D:00E8H         SYMBOL        ADC0CN
  D:00C4H         SYMBOL        ADC0GTH
  D:00C3H         SYMBOL        ADC0GTL
  D:00BEH         SYMBOL        ADC0H
  D:00BDH         SYMBOL        ADC0L
  D:00C6H         SYMBOL        ADC0LTH
  D:00C5H         SYMBOL        ADC0LTL
  D:00BAH         SYMBOL        AMX0N
  D:00BBH         SYMBOL        AMX0P
  B:00C0H.2       SYMBOL        ARBLOST
  D:00F0H         SYMBOL        B
  C:0765H         SYMBOL        BACK2
  N:0014H         SYMBOL        BEEP_COUNT
  N:0012H         SYMBOL        BEEP_STATE
BL51 BANKED LINKER/LOCATER V6.22                                                      11/15/2017  18:41:38  PAGE 82


  N:0013H         SYMBOL        BEEP_TOTAL
  N:0075H         SYMBOL        CALCULATE_1
  N:0074H         SYMBOL        CALCULATE_2
  N:0076H         SYMBOL        CALCULATE_NUM
  B:0028H.0       SYMBOL        CAL_STATE1
  B:0028H.1       SYMBOL        CAL_STATE2
  B:0028H.2       SYMBOL        CAL_STATE3
  B:00D8H.0       SYMBOL        CCF0
  B:00D8H.1       SYMBOL        CCF1
  B:00D8H.2       SYMBOL        CCF2
  B:00D8H.3       SYMBOL        CCF3
  B:00D8H.4       SYMBOL        CCF4
  B:00D8H.7       SYMBOL        CF
  D:008EH         SYMBOL        CKCON
  D:00A9H         SYMBOL        CLKSEL
  D:009BH         SYMBOL        CPT0CN
  D:009DH         SYMBOL        CPT0MD
  D:009FH         SYMBOL        CPT0MX
  D:009AH         SYMBOL        CPT1CN
  D:009CH         SYMBOL        CPT1MD
  D:009EH         SYMBOL        CPT1MX
  B:00D8H.6       SYMBOL        CR
  B:00D0H.7       SYMBOL        CY
  N:0026H         SYMBOL        DIGITS_LASTSTATE
  B:0026H.0       SYMBOL        DIGITS_LASTSTATE0
  B:0026H.7       SYMBOL        DIGITS_LASTSTATE7
  N:0024H         SYMBOL        DIGITS_STATE
  B:0024H.7       SYMBOL        DIGITS_STATE0
  B:0024H.0       SYMBOL        DIGITS_STATE7
  D:0083H         SYMBOL        DPH
  D:0082H         SYMBOL        DPL
  C:06E1H         SYMBOL        DPPP
  C:0763H         SYMBOL        DPPPP
  B:00A8H.7       SYMBOL        EA
  D:00E6H         SYMBOL        EIE1
  D:00F6H         SYMBOL        EIP1
  D:00AAH         SYMBOL        EMI0CN
  B:00A8H.4       SYMBOL        ES0
  B:00A8H.6       SYMBOL        ESPI0
  B:00A8H.1       SYMBOL        ET0
  B:00A8H.3       SYMBOL        ET1
  B:00A8H.5       SYMBOL        ET2
  B:00A8H.0       SYMBOL        EX0
  B:00A8H.2       SYMBOL        EX1
  B:00D0H.5       SYMBOL        F0
  B:00D0H.1       SYMBOL        F1
  C:069BH         SYMBOL        FINISHINIT
  D:00B5H         SYMBOL        FLACL
  D:00B7H         SYMBOL        FLKEY
  D:00B6H         SYMBOL        FLSCL
  N:0011H         SYMBOL        G_DIGIT1
  N:0010H         SYMBOL        G_DIGIT2
  N:0025H         SYMBOL        G_DIGITSTATE
  B:0025H.7       SYMBOL        G_DIGITSTATE0
  B:0025H.0       SYMBOL        G_DIGITSTATE7
  B:0020H.0       SYMBOL        G_LED1
  B:0020H.1       SYMBOL        G_LED2
BL51 BANKED LINKER/LOCATER V6.22                                                      11/15/2017  18:41:38  PAGE 83


  B:0020H.2       SYMBOL        G_LED3
  B:0020H.3       SYMBOL        G_LED4
  B:0020H.4       SYMBOL        G_LED5
  B:0020H.5       SYMBOL        G_LED6
  B:0020H.6       SYMBOL        G_LED7
  B:0020H.7       SYMBOL        G_LED8
  N:0020H         SYMBOL        G_LEDS
  N:007BH         SYMBOL        HOMEWORK_COUNT
  N:0077H         SYMBOL        HOMEWORK_SECOND
  N:007AH         SYMBOL        HOMEWORK_SECOND1
  N:0079H         SYMBOL        HOMEWORK_SECOND2
  N:0078H         SYMBOL        HOMEWORK_SECOND3
  N:0027H         SYMBOL        HOMEWORK_STATE
  B:0027H.7       SYMBOL        HOMEWORK_STATE0
  B:0027H.0       SYMBOL        HOMEWORK_STATE7
  D:00A8H         SYMBOL        IE
  B:0088H.1       SYMBOL        IE0
  B:0088H.3       SYMBOL        IE1
  B:0022H.3       SYMBOL        INIT_BEEP
  B:0023H.2       SYMBOL        INIT_DIGITS
  B:0022H.0       SYMBOL        INIT_KEBEEP
  B:0023H.1       SYMBOL        INIT_KEDIGITS
  B:0022H.1       SYMBOL        INIT_KEKEYS
  B:0021H.1       SYMBOL        INIT_KELED
  B:0022H.6       SYMBOL        INIT_KELEDS
  B:0022H.5       SYMBOL        INIT_KETIMER2
  B:0023H.0       SYMBOL        INIT_KEYS
  B:0022H.2       SYMBOL        INIT_LED
  B:0022H.7       SYMBOL        INIT_LEDS
  B:0022H.4       SYMBOL        INIT_TIMER
  B:0021H.0       SYMBOL        INT_C_OLD
  D:00B8H         SYMBOL        IP
  B:0088H.0       SYMBOL        IT0
  D:00E4H         SYMBOL        IT01CF
  B:0088H.2       SYMBOL        IT1
  N:0015H         SYMBOL        KEYS_LASTCODE
  N:0016H         SYMBOL        LEDS_PATTERN
  B:00C0H.7       SYMBOL        MASTER
  B:0098H.5       SYMBOL        MCE0
  C:06B9H         SYMBOL        MODE0
  C:06C1H         SYMBOL        MODE1
  C:06C8H         SYMBOL        MODE2
  C:06CEH         SYMBOL        MODE3
  B:00F8H.5       SYMBOL        MODF
  B:00F8H.2       SYMBOL        NSSMD0
  B:00F8H.3       SYMBOL        NSSMD1
  D:00B3H         SYMBOL        OSCICL
  D:00B2H         SYMBOL        OSCICN
  D:00B1H         SYMBOL        OSCXCN
  C:06D1H         SYMBOL        OUTPUT
  C:06E4H         SYMBOL        OUTPUT1
  C:0759H         SYMBOL        OUTPUT10
  C:06F1H         SYMBOL        OUTPUT2
  C:06FEH         SYMBOL        OUTPUT3
  C:070BH         SYMBOL        OUTPUT4
  C:0718H         SYMBOL        OUTPUT5
  C:0725H         SYMBOL        OUTPUT6
BL51 BANKED LINKER/LOCATER V6.22                                                      11/15/2017  18:41:38  PAGE 84


  C:0732H         SYMBOL        OUTPUT7
  C:073FH         SYMBOL        OUTPUT8
  C:074CH         SYMBOL        OUTPUT9
  B:00D0H.2       SYMBOL        OV
  B:00D0H.0       SYMBOL        P
  D:0080H         SYMBOL        P0
  D:00F1H         SYMBOL        P0MDIN
  D:00A4H         SYMBOL        P0MDOUT
  D:00D4H         SYMBOL        P0SKIP
  D:0090H         SYMBOL        P1
  D:00F2H         SYMBOL        P1MDIN
  D:00A5H         SYMBOL        P1MDOUT
  D:00D5H         SYMBOL        P1SKIP
  D:00A0H         SYMBOL        P2
  D:00F3H         SYMBOL        P2MDIN
  D:00A6H         SYMBOL        P2MDOUT
  D:00D6H         SYMBOL        P2SKIP
  D:00B0H         SYMBOL        P3
  D:00F4H         SYMBOL        P3MDIN
  D:00A7H         SYMBOL        P3MDOUT
  N:007DH         SYMBOL        PASSWORD_PSW1
  N:007CH         SYMBOL        PASSWORD_PSW2
  N:007EH         SYMBOL        PASSWORD_STATE
  D:00D8H         SYMBOL        PCA0CN
  D:00FCH         SYMBOL        PCA0CPH0
  D:00EAH         SYMBOL        PCA0CPH1
  D:00ECH         SYMBOL        PCA0CPH2
  D:00EEH         SYMBOL        PCA0CPH3
  D:00FEH         SYMBOL        PCA0CPH4
  D:00FBH         SYMBOL        PCA0CPL0
  D:00E9H         SYMBOL        PCA0CPL1
  D:00EBH         SYMBOL        PCA0CPL2
  D:00EDH         SYMBOL        PCA0CPL3
  D:00FDH         SYMBOL        PCA0CPL4
  D:00DAH         SYMBOL        PCA0CPM0
  D:00DBH         SYMBOL        PCA0CPM1
  D:00DCH         SYMBOL        PCA0CPM2
  D:00DDH         SYMBOL        PCA0CPM3
  D:00DEH         SYMBOL        PCA0CPM4
  D:00FAH         SYMBOL        PCA0H
  D:00F9H         SYMBOL        PCA0L
  D:00D9H         SYMBOL        PCA0MD
  D:0087H         SYMBOL        PCON
  B:00B8H.4       SYMBOL        PS0
  D:008FH         SYMBOL        PSCTL
  B:00B8H.6       SYMBOL        PSPI0
  D:00D0H         SYMBOL        PSW
  B:00B8H.1       SYMBOL        PT0
  B:00B8H.3       SYMBOL        PT1
  B:00B8H.5       SYMBOL        PT2
  B:00B8H.0       SYMBOL        PX0
  B:00B8H.2       SYMBOL        PX1
  B:0098H.2       SYMBOL        RB80
  D:00D1H         SYMBOL        REF0CN
  B:0098H.4       SYMBOL        REN0
  B:0098H.0       SYMBOL        RI0
  B:00D0H.3       SYMBOL        RS0
BL51 BANKED LINKER/LOCATER V6.22                                                      11/15/2017  18:41:38  PAGE 85


  B:00D0H.4       SYMBOL        RS1
  D:00EFH         SYMBOL        RSTSRC
  B:00F8H.4       SYMBOL        RXOVRN
  B:0098H.7       SYMBOL        S0MODE
  D:0099H         SYMBOL        SBUF0
  D:0098H         SYMBOL        SCON0
  B:00C0H.0       SYMBOL        SI
  D:00C1H         SYMBOL        SMB0CF
  D:00C0H         SYMBOL        SMB0CN
  D:00C2H         SYMBOL        SMB0DAT
  D:0081H         SYMBOL        SP
  D:00A1H         SYMBOL        SPI0CFG
  D:00A2H         SYMBOL        SPI0CKR
  D:00F8H         SYMBOL        SPI0CN
  D:00A3H         SYMBOL        SPI0DAT
  B:00F8H.0       SYMBOL        SPIEN
  B:00F8H.7       SYMBOL        SPIF
  B:00C0H.5       SYMBOL        STA
  B:00C0H.4       SYMBOL        STO
  B:00C8H.3       SYMBOL        T2SPLIT
  B:00C8H.0       SYMBOL        T2XCLK
  B:0098H.3       SYMBOL        TB80
  D:0088H         SYMBOL        TCON
  N:007FH         SYMBOL        TEST3_MAINSTATE
  B:0088H.5       SYMBOL        TF0
  B:0088H.7       SYMBOL        TF1
  B:00C8H.7       SYMBOL        TF2H
  B:00C8H.6       SYMBOL        TF2L
  B:00C8H.5       SYMBOL        TF2LEN
  D:008CH         SYMBOL        TH0
  D:008DH         SYMBOL        TH1
  B:0098H.1       SYMBOL        TI0
  N:0018H         SYMBOL        TIMER_CNT1
  N:001FH         SYMBOL        TIMER_CNT8
  N:0017H         SYMBOL        TIMER_CTRL
  D:008AH         SYMBOL        TL0
  D:008BH         SYMBOL        TL1
  D:0089H         SYMBOL        TMOD
  D:00C8H         SYMBOL        TMR2CN
  D:00CDH         SYMBOL        TMR2H
  D:00CCH         SYMBOL        TMR2L
  D:00CBH         SYMBOL        TMR2RLH
  D:00CAH         SYMBOL        TMR2RLL
  D:0091H         SYMBOL        TMR3CN
  D:0095H         SYMBOL        TMR3H
  D:0094H         SYMBOL        TMR3L
  D:0093H         SYMBOL        TMR3RLH
  D:0092H         SYMBOL        TMR3RLL
  B:0088H.4       SYMBOL        TR0
  B:0088H.6       SYMBOL        TR1
  B:00C8H.2       SYMBOL        TR2
  B:00F8H.1       SYMBOL        TXBMT
  B:00C0H.6       SYMBOL        TXMODE
  D:00FFH         SYMBOL        VDM0CN
  B:00F8H.6       SYMBOL        WCOL
  D:00E1H         SYMBOL        XBR0
  D:00E2H         SYMBOL        XBR1
BL51 BANKED LINKER/LOCATER V6.22                                                      11/15/2017  18:41:38  PAGE 86


  C:068FH         LINE#         16
  C:0691H         LINE#         17
  C:0694H         LINE#         18
  C:0696H         LINE#         20
  C:0699H         LINE#         21
  C:069BH         LINE#         24
  C:069DH         LINE#         25
  C:069EH         LINE#         34
  C:06A0H         LINE#         35
  C:06A2H         LINE#         36
  C:06A4H         LINE#         37
  C:06A6H         LINE#         38
  C:06A8H         LINE#         39
  C:06A9H         LINE#         40
  C:06ABH         LINE#         41
  C:06ADH         LINE#         42
  C:06AFH         LINE#         43
  C:06B1H         LINE#         44
  C:06B3H         LINE#         45
  C:06B6H         LINE#         46
  C:06B9H         LINE#         47
  C:06BCH         LINE#         48
  C:06BEH         LINE#         49
  C:06C1H         LINE#         50
  C:06C4H         LINE#         51
  C:06C7H         LINE#         52
  C:06C8H         LINE#         53
  C:06CBH         LINE#         54
  C:06CEH         LINE#         55
  C:06D1H         LINE#         56
  C:06D2H         LINE#         57
  C:06D4H         LINE#         58
  C:06D7H         LINE#         59
  C:06D9H         LINE#         60
  C:06DBH         LINE#         61
  C:06DCH         LINE#         62
  C:06DEH         LINE#         63
  C:06E1H         LINE#         64
  C:06E4H         LINE#         65
  C:06E7H         LINE#         66
  C:06E9H         LINE#         67
  C:06EBH         LINE#         68
  C:06ECH         LINE#         69
  C:06EEH         LINE#         70
  C:06F1H         LINE#         71
  C:06F4H         LINE#         72
  C:06F6H         LINE#         73
  C:06F8H         LINE#         74
  C:06F9H         LINE#         75
  C:06FBH         LINE#         76
  C:06FEH         LINE#         77
  C:0701H         LINE#         78
  C:0703H         LINE#         79
  C:0705H         LINE#         80
  C:0706H         LINE#         81
  C:0708H         LINE#         82
  C:070BH         LINE#         83
BL51 BANKED LINKER/LOCATER V6.22                                                      11/15/2017  18:41:38  PAGE 87


  C:070EH         LINE#         84
  C:0710H         LINE#         85
  C:0712H         LINE#         86
  C:0713H         LINE#         87
  C:0715H         LINE#         88
  C:0718H         LINE#         89
  C:071BH         LINE#         90
  C:071DH         LINE#         91
  C:071FH         LINE#         92
  C:0720H         LINE#         93
  C:0722H         LINE#         94
  C:0725H         LINE#         95
  C:0728H         LINE#         96
  C:072AH         LINE#         97
  C:072CH         LINE#         98
  C:072DH         LINE#         99
  C:072FH         LINE#         100
  C:0732H         LINE#         101
  C:0735H         LINE#         102
  C:0737H         LINE#         103
  C:0739H         LINE#         104
  C:073AH         LINE#         105
  C:073CH         LINE#         106
  C:073FH         LINE#         107
  C:0742H         LINE#         108
  C:0744H         LINE#         109
  C:0746H         LINE#         110
  C:0747H         LINE#         111
  C:0749H         LINE#         112
  C:074CH         LINE#         114
  C:074FH         LINE#         115
  C:0751H         LINE#         116
  C:0753H         LINE#         117
  C:0754H         LINE#         118
  C:0756H         LINE#         119
  C:0759H         LINE#         121
  C:075BH         LINE#         122
  C:075DH         LINE#         123
  C:075EH         LINE#         124
  C:0760H         LINE#         125
  C:0763H         LINE#         127
  C:0765H         LINE#         129
  C:0767H         LINE#         130
  C:0769H         LINE#         131
  -------         ENDMOD        KEDIGITS

Program Size: data=8.0 xdata=0 code=3108
LINK/LOCATE RUN COMPLETE.  0 WARNING(S),  0 ERROR(S)
